Component: ARM Compiler 5.05 update 1 (build 106) Tool: armlink [4d0efa]

==============================================================================

Section Cross References

    main.o(.text) refers to lcd.o(.text) for LCD_ShowString
    main.o(.text) refers to stm32f10x_tim.o(.text) for TIM_SetCompare2
    main.o(.text) refers to stm32f10x_gpio.o(.text) for GPIO_ReadInputDataBit
    main.o(.text) refers to delay.o(.text) for delay_ms
    main.o(.text) refers to gizwits_protocol.o(.text) for gizwitsSetMode
    main.o(.text) refers to noretval__2printf.o(.text) for __2printf
    main.o(.text) refers to timer.o(.text) for TIM3_Int_Init
    main.o(.text) refers to usart3.o(.text) for usart3_init
    main.o(.text) refers to misc.o(.text) for NVIC_PriorityGroupConfig
    main.o(.text) refers to usart.o(.text) for uart_init
    main.o(.text) refers to led.o(.text) for LED_Init
    main.o(.text) refers to key.o(.text) for KEY_Init
    main.o(.text) refers to gizwits_product.o(.data) for wifi_flag
    main.o(.text) refers to main.o(.data) for currentDataPoint
    main.o(.text) refers to lcd.o(.data) for POINT_COLOR
    system_stm32f10x.o(.text) refers to system_stm32f10x.o(.data) for SystemCoreClock
    led.o(.text) refers to stm32f10x_rcc.o(.text) for RCC_APB2PeriphClockCmd
    led.o(.text) refers to stm32f10x_gpio.o(.text) for GPIO_Init
    key.o(.text) refers to stm32f10x_rcc.o(.text) for RCC_APB2PeriphClockCmd
    key.o(.text) refers to stm32f10x_gpio.o(.text) for GPIO_Init
    key.o(.text) refers to delay.o(.text) for delay_ms
    key.o(.text) refers to key.o(.data) for key_up
    lcd.o(.text) refers to _printf_percent.o(.ARM.Collect$$_printf_percent$$00000000) for _printf_percent
    lcd.o(.text) refers to _printf_x.o(.ARM.Collect$$_printf_percent$$0000000C) for _printf_x
    lcd.o(.text) refers to _printf_hex_int.o(.text) for _printf_longlong_hex
    lcd.o(.text) refers to delay.o(.text) for delay_us
    lcd.o(.text) refers to lcd.o(.bss) for lcddev
    lcd.o(.text) refers to lcd.o(.data) for POINT_COLOR
    lcd.o(.text) refers to dflt_clz.o(x$fpl$dfltu) for __aeabi_ui2d
    lcd.o(.text) refers to dmul.o(x$fpl$dmul) for __aeabi_dmul
    lcd.o(.text) refers to dfixu.o(x$fpl$dfixu) for __aeabi_d2uiz
    lcd.o(.text) refers to stm32f10x_rcc.o(.text) for RCC_AHBPeriphClockCmd
    lcd.o(.text) refers to stm32f10x_gpio.o(.text) for GPIO_Init
    lcd.o(.text) refers to stm32f10x_fsmc.o(.text) for FSMC_NORSRAMInit
    lcd.o(.text) refers to noretval__2printf.o(.text) for __2printf
    lcd.o(.text) refers to lcd.o(.constdata) for asc2_1206
    timer.o(.text) refers to stm32f10x_rcc.o(.text) for RCC_APB1PeriphClockCmd
    timer.o(.text) refers to stm32f10x_tim.o(.text) for TIM_TimeBaseInit
    timer.o(.text) refers to misc.o(.text) for NVIC_Init
    timer.o(.text) refers to stm32f10x_gpio.o(.text) for GPIO_PinRemapConfig
    timer.o(.text) refers to gizwits_product.o(.text) for gizTimerMs
    timer.o(.text) refers to gizwits_protocol.o(.text) for gizwitsGetNTP
    timer.o(.text) refers to lcd.o(.text) for LCD_ShowxNum
    timer.o(.text) refers to gizwits_product.o(.data) for wifi_flag
    usart3.o(.text) refers to stm32f10x_usart.o(.text) for USART_GetITStatus
    usart3.o(.text) refers to gizwits_protocol.o(.text) for gizPutData
    usart3.o(.text) refers to stm32f10x_rcc.o(.text) for RCC_APB2PeriphClockCmd
    usart3.o(.text) refers to stm32f10x_gpio.o(.text) for GPIO_Init
    usart3.o(.text) refers to misc.o(.text) for NVIC_Init
    delay.o(.text) refers to misc.o(.text) for SysTick_CLKSourceConfig
    delay.o(.text) refers to system_stm32f10x.o(.data) for SystemCoreClock
    delay.o(.text) refers to delay.o(.data) for fac_us
    usart.o(.text) refers (Special) to use_no_semi_2.o(.text) for __use_no_semihosting
    usart.o(.text) refers to stm32f10x_rcc.o(.text) for RCC_APB2PeriphClockCmd
    usart.o(.text) refers to stm32f10x_gpio.o(.text) for GPIO_Init
    usart.o(.text) refers to misc.o(.text) for NVIC_Init
    usart.o(.text) refers to stm32f10x_usart.o(.text) for USART_Init
    usart.o(.text) refers to usart.o(.data) for USART_RX_STA
    usart.o(.text) refers to usart.o(.bss) for USART_RX_BUF
    usart.o(.bss) refers (Special) to use_no_semi_2.o(.text) for __use_no_semihosting
    usart.o(.data) refers (Special) to use_no_semi_2.o(.text) for __use_no_semihosting
    startup_stm32f10x_hd.o(STACK) refers (Special) to heapauxi.o(.text) for __use_two_region_memory
    startup_stm32f10x_hd.o(HEAP) refers (Special) to heapauxi.o(.text) for __use_two_region_memory
    startup_stm32f10x_hd.o(RESET) refers (Special) to heapauxi.o(.text) for __use_two_region_memory
    startup_stm32f10x_hd.o(RESET) refers to startup_stm32f10x_hd.o(STACK) for __initial_sp
    startup_stm32f10x_hd.o(RESET) refers to startup_stm32f10x_hd.o(.text) for Reset_Handler
    startup_stm32f10x_hd.o(RESET) refers to stm32f10x_it.o(.text) for NMI_Handler
    startup_stm32f10x_hd.o(RESET) refers to timer.o(.text) for TIM2_IRQHandler
[...]
    .ARM.Collect$$libinit$$0000000A          0x080001b6   Section        0  libinit2.o(.ARM.Collect$$libinit$$0000000A)
    .ARM.Collect$$libinit$$0000000C          0x080001b6   Section        0  libinit2.o(.ARM.Collect$$libinit$$0000000C)
    .ARM.Collect$$libinit$$0000000E          0x080001b6   Section        0  libinit2.o(.ARM.Collect$$libinit$$0000000E)
    .ARM.Collect$$libinit$$0000000F          0x080001b6   Section        6  libinit2.o(.ARM.Collect$$libinit$$0000000F)
    .ARM.Collect$$libinit$$00000011          0x080001bc   Section        0  libinit2.o(.ARM.Collect$$libinit$$00000011)
    .ARM.Collect$$libinit$$00000012          0x080001bc   Section       12  libinit2.o(.ARM.Collect$$libinit$$00000012)
    .ARM.Collect$$libinit$$00000013          0x080001c8   Section        0  libinit2.o(.ARM.Collect$$libinit$$00000013)
    .ARM.Collect$$libinit$$00000015          0x080001c8   Section        0  libinit2.o(.ARM.Collect$$libinit$$00000015)
    .ARM.Collect$$libinit$$00000017          0x080001c8   Section        0  libinit2.o(.ARM.Collect$$libinit$$00000017)
    .ARM.Collect$$libinit$$00000019          0x080001c8   Section        0  libinit2.o(.ARM.Collect$$libinit$$00000019)
    .ARM.Collect$$libinit$$0000001B          0x080001c8   Section        0  libinit2.o(.ARM.Collect$$libinit$$0000001B)
    .ARM.Collect$$libinit$$0000001D          0x080001c8   Section        0  libinit2.o(.ARM.Collect$$libinit$$0000001D)
    .ARM.Collect$$libinit$$0000001F          0x080001c8   Section        0  libinit2.o(.ARM.Collect$$libinit$$0000001F)
    .ARM.Collect$$libinit$$00000021          0x080001c8   Section        0  libinit2.o(.ARM.Collect$$libinit$$00000021)
    .ARM.Collect$$libinit$$00000023          0x080001c8   Section        0  libinit2.o(.ARM.Collect$$libinit$$00000023)
    .ARM.Collect$$libinit$$00000025          0x080001c8   Section        0  libinit2.o(.ARM.Collect$$libinit$$00000025)
    .ARM.Collect$$libinit$$0000002C          0x080001c8   Section        0  libinit2.o(.ARM.Collect$$libinit$$0000002C)
    .ARM.Collect$$libinit$$0000002E          0x080001c8   Section        0  libinit2.o(.ARM.Collect$$libinit$$0000002E)
    .ARM.Collect$$libinit$$00000030          0x080001c8   Section        0  libinit2.o(.ARM.Collect$$libinit$$00000030)
    .ARM.Collect$$libinit$$00000032          0x080001c8   Section        0  libinit2.o(.ARM.Collect$$libinit$$00000032)
    .ARM.Collect$$libinit$$00000033          0x080001c8   Section        2  libinit2.o(.ARM.Collect$$libinit$$00000033)
    .ARM.Collect$$libshutdown$$00000000      0x080001ca   Section        2  libshutdown.o(.ARM.Collect$$libshutdown$$00000000)
    .ARM.Collect$$libshutdown$$00000003      0x080001cc   Section        0  libshutdown2.o(.ARM.Collect$$libshutdown$$00000003)
    .ARM.Collect$$libshutdown$$00000006      0x080001cc   Section        0  libshutdown2.o(.ARM.Collect$$libshutdown$$00000006)
    .ARM.Collect$$libshutdown$$00000009      0x080001cc   Section        0  libshutdown2.o(.ARM.Collect$$libshutdown$$00000009)
    .ARM.Collect$$libshutdown$$0000000B      0x080001cc   Section        0  libshutdown2.o(.ARM.Collect$$libshutdown$$0000000B)
    .ARM.Collect$$libshutdown$$0000000E      0x080001cc   Section        0  libshutdown2.o(.ARM.Collect$$libshutdown$$0000000E)
    .ARM.Collect$$libshutdown$$0000000F      0x080001cc   Section        2  libshutdown2.o(.ARM.Collect$$libshutdown$$0000000F)
    .ARM.Collect$$rtentry$$00000000          0x080001ce   Section        0  __rtentry.o(.ARM.Collect$$rtentry$$00000000)
    .ARM.Collect$$rtentry$$00000002          0x080001ce   Section        0  __rtentry2.o(.ARM.Collect$$rtentry$$00000002)
    .ARM.Collect$$rtentry$$00000004          0x080001ce   Section        6  __rtentry4.o(.ARM.Collect$$rtentry$$00000004)
    .ARM.Collect$$rtentry$$00000009          0x080001d4   Section        0  __rtentry2.o(.ARM.Collect$$rtentry$$00000009)
    .ARM.Collect$$rtentry$$0000000A          0x080001d4   Section        4  __rtentry2.o(.ARM.Collect$$rtentry$$0000000A)
    .ARM.Collect$$rtentry$$0000000C          0x080001d8   Section        0  __rtentry2.o(.ARM.Collect$$rtentry$$0000000C)
    .ARM.Collect$$rtentry$$0000000D          0x080001d8   Section        8  __rtentry2.o(.ARM.Collect$$rtentry$$0000000D)
    .ARM.Collect$$rtexit$$00000000           0x080001e0   Section        2  rtexit.o(.ARM.Collect$$rtexit$$00000000)
    .ARM.Collect$$rtexit$$00000002           0x080001e2   Section        0  rtexit2.o(.ARM.Collect$$rtexit$$00000002)
    .ARM.Collect$$rtexit$$00000003           0x080001e2   Section        4  rtexit2.o(.ARM.Collect$$rtexit$$00000003)
    .ARM.Collect$$rtexit$$00000004           0x080001e6   Section        6  rtexit2.o(.ARM.Collect$$rtexit$$00000004)
    .text                                    0x080001ec   Section        0  main.o(.text)
    .text                                    0x08000494   Section        0  stm32f10x_it.o(.text)
    .text                                    0x080004b0   Section        0  system_stm32f10x.o(.text)
    SetSysClockTo72                          0x080004b1   Thumb Code   214  system_stm32f10x.o(.text)
    SetSysClock                              0x08000587   Thumb Code     8  system_stm32f10x.o(.text)
    .text                                    0x08000690   Section        0  led.o(.text)
    .text                                    0x080006e4   Section        0  key.o(.text)
    .text                                    0x080007bc   Section        0  lcd.o(.text)
    .text                                    0x08005214   Section        0  timer.o(.text)
    .text                                    0x08005418   Section        0  usart3.o(.text)
    .text                                    0x080054e0   Section        0  delay.o(.text)
    .text                                    0x080055b4   Section        0  usart.o(.text)
    .text                                    0x080056f4   Section       64  startup_stm32f10x_hd.o(.text)
    .text                                    0x08005734   Section        0  misc.o(.text)
    .text                                    0x08005810   Section        0  stm32f10x_fsmc.o(.text)
    .text                                    0x08005e1c   Section        0  stm32f10x_gpio.o(.text)
    .text                                    0x08006178   Section        0  stm32f10x_rcc.o(.text)
    .text                                    0x0800651c   Section        0  stm32f10x_usart.o(.text)
    .text                                    0x08006924   Section        0  stm32f10x_tim.o(.text)
    TI4_Config                               0x08006dcb   Thumb Code   130  stm32f10x_tim.o(.text)
    TI3_Config                               0x08006e5f   Thumb Code   122  stm32f10x_tim.o(.text)
    TI2_Config                               0x08006ef3   Thumb Code   130  stm32f10x_tim.o(.text)
    TI1_Config                               0x08006f87   Thumb Code   108  stm32f10x_tim.o(.text)
    .text                                    0x08007740   Section        0  gizwits_product.o(.text)
    .text                                    0x08007a1c   Section        0  gizwits_protocol.o(.text)
    gizProtocolHeadInit                      0x08007a51   Thumb Code    34  gizwits_protocol.o(.text)
    gizProtocolWaitAck                       0x08007a73   Thumb Code    70  gizwits_protocol.o(.text)
    gizDataPoint2Event                       0x08007ab9   Thumb Code   114  gizwits_protocol.o(.text)
    gizCheckReport                           0x08007b2b   Thumb Code    88  gizwits_protocol.o(.text)
    gizDataPoints2ReportData                 0x08007b83   Thumb Code    68  gizwits_protocol.o(.text)
    gizProtocolIssuedProcess                 0x08007bc7   Thumb Code   216  gizwits_protocol.o(.text)
    gizProtocolIssuedDataAck                 0x08007c9f   Thumb Code   226  gizwits_protocol.o(.text)
    gizReportData                            0x08007d81   Thumb Code   632  gizwits_protocol.o(.text)
    gizDevReportPolicy                       0x08007ff9   Thumb Code   128  gizwits_protocol.o(.text)
    gizProtocolGetOnePacket                  0x08008079   Thumb Code   358  gizwits_protocol.o(.text)
    gizProtocolResendData                    0x080081df   Thumb Code    72  gizwits_protocol.o(.text)
    gizProtocolWaitAckCheck                  0x08008227   Thumb Code    48  gizwits_protocol.o(.text)
    gizProtocolCommonAck                     0x08008257   Thumb Code    86  gizwits_protocol.o(.text)
    gizProtocolAckHandle                     0x080082ad   Thumb Code   106  gizwits_protocol.o(.text)
    gizProtocolGetDeviceInfo                 0x08008317   Thumb Code   642  gizwits_protocol.o(.text)
    gizProtocolErrorCmd                      0x08008599   Thumb Code    92  gizwits_protocol.o(.text)
    gizProtocolNTP                           0x080085f5   Thumb Code   112  gizwits_protocol.o(.text)
    gizProtocolReboot                        0x08008665   Thumb Code    28  gizwits_protocol.o(.text)
    gizProtocolModuleStatus                  0x08008681   Thumb Code  1334  gizwits_protocol.o(.text)
    gizProtocolModuleInfoHandle              0x08008f03   Thumb Code   266  gizwits_protocol.o(.text)
    .text                                    0x080093f8   Section        0  common.o(.text)
    isleap                                   0x08009587   Thumb Code    52  common.o(.text)
    get_yeardays                             0x080095bb   Thumb Code    24  common.o(.text)
    .text                                    0x08009790   Section        0  datapointtools.o(.text)
    .text                                    0x08009adc   Section        0  ringbuffer.o(.text)
    .text                                    0x08009caa   Section        2  use_no_semi_2.o(.text)
    .text                                    0x08009cac   Section        0  toupper.o(.text)
    .text                                    0x08009ccc   Section        0  noretval__2printf.o(.text)
    .text                                    0x08009ce4   Section        0  _printf_pad.o(.text)
    .text                                    0x08009d34   Section        0  _printf_dec.o(.text)
    .text                                    0x08009dac   Section        0  _printf_hex_int.o(.text)
    .text                                    0x08009e04   Section        0  __printf_flags_wp.o(.text)
    .text                                    0x08009f3c   Section        0  strlen.o(.text)
    .text                                    0x08009f7a   Section      138  rt_memcpy_v6.o(.text)
    .text                                    0x0800a004   Section      100  rt_memcpy_w.o(.text)
    .text                                    0x0800a068   Section       68  rt_memclr.o(.text)
    .text                                    0x0800a0ac   Section        0  heapauxi.o(.text)
    .text                                    0x0800a0b2   Section        2  use_no_semi.o(.text)
    .text                                    0x0800a0b4   Section       16  rt_ctype_table.o(.text)
    .text                                    0x0800a0c4   Section        0  _printf_intcommon.o(.text)
    .text                                    0x0800a178   Section        0  _printf_char_file.o(.text)
    .text                                    0x0800a19c   Section       78  rt_memclr_w.o(.text)
    .text                                    0x0800a1ec   Section        8  rt_locale_intlibspace.o(.text)
    .text                                    0x0800a1f4   Section        0  _printf_char_common.o(.text)
    _printf_input_char                       0x0800a1f5   Thumb Code    10  _printf_char_common.o(.text)
    .text                                    0x0800a224   Section        0  ferror.o(.text)
    .text                                    0x0800a22c   Section        8  libspace.o(.text)
    .text                                    0x0800a234   Section       74  sys_stackheap_outer.o(.text)
    .text                                    0x0800a27e   Section        0  exit.o(.text)
    .text                                    0x0800a28c   Section      128  strcmpv7m.o(.text)
    i._is_digit                              0x0800a30c   Section        0  __printf_wp.o(i._is_digit)
    locale$$code                             0x0800a31c   Section       44  lc_ctype_c.o(locale$$code)
    x$fpl$dfixu                              0x0800a348   Section       90  dfixu.o(x$fpl$dfixu)
    x$fpl$dfltu                              0x0800a3a2   Section       38  dflt_clz.o(x$fpl$dfltu)
    x$fpl$dmul                               0x0800a3c8   Section      340  dmul.o(x$fpl$dmul)
    x$fpl$dnaninf                            0x0800a51c   Section      156  dnaninf.o(x$fpl$dnaninf)
    x$fpl$dretinf                            0x0800a5b8   Section       12  dretinf.o(x$fpl$dretinf)
    x$fpl$fadd                               0x0800a5c4   Section      196  faddsub_clz.o(x$fpl$fadd)
    _fadd1                                   0x0800a5d3   Thumb Code     0  faddsub_clz.o(x$fpl$fadd)
    x$fpl$fdiv                               0x0800a688   Section      388  fdiv.o(x$fpl$fdiv)
    _fdiv1                                   0x0800a689   Thumb Code     0  fdiv.o(x$fpl$fdiv)
    x$fpl$ffixu                              0x0800a80c   Section       62  ffixu.o(x$fpl$ffixu)
    x$fpl$ffltu                              0x0800a84c   Section       38  fflt_clz.o(x$fpl$ffltu)
    x$fpl$fmul                               0x0800a874   Section      258  fmul.o(x$fpl$fmul)
    x$fpl$fnaninf                            0x0800a976   Section      140  fnaninf.o(x$fpl$fnaninf)
    x$fpl$fretinf                            0x0800aa02   Section       10  fretinf.o(x$fpl$fretinf)
    x$fpl$fsub                               0x0800aa0c   Section      234  faddsub_clz.o(x$fpl$fsub)
    _fsub1                                   0x0800aa1b   Thumb Code     0  faddsub_clz.o(x$fpl$fsub)
    .constdata                               0x0800aaf6   Section     6080  lcd.o(.constdata)
    x$fpl$usenofp                            0x0800aaf6   Section        0  usenofp.o(x$fpl$usenofp)
    .constdata                               0x0800c2b8   Section       48  common.o(.constdata)
    .constdata                               0x0800c2e8   Section       40  _printf_hex_int.o(.constdata)
    uc_hextab                                0x0800c2e8   Data          20  _printf_hex_int.o(.constdata)
    lc_hextab                                0x0800c2fc   Data          20  _printf_hex_int.o(.constdata)
    .constdata                               0x0800c310   Section       17  __printf_flags_wp.o(.constdata)
    maptable                                 0x0800c310   Data          17  __printf_flags_wp.o(.constdata)
    locale$$data                             0x0800c344   Section      272  lc_ctype_c.o(locale$$data)
    __lcctype_c_name                         0x0800c348   Data           2  lc_ctype_c.o(locale$$data)
    __lcctype_c_start                        0x0800c350   Data           0  lc_ctype_c.o(locale$$data)
    __lcctype_c_end                          0x0800c454   Data           0  lc_ctype_c.o(locale$$data)
    .data                                    0x20000000   Section        5  main.o(.data)
    .data                                    0x20000008   Section       20  system_stm32f10x.o(.data)
    .data                                    0x2000001c   Section        1  key.o(.data)
    key_up                                   0x2000001c   Data           1  key.o(.data)
    .data                                    0x2000001e   Section        4  lcd.o(.data)
    .data                                    0x20000022   Section        4  delay.o(.data)
    fac_us                                   0x20000022   Data           1  delay.o(.data)
    fac_ms                                   0x20000024   Data           2  delay.o(.data)
    .data                                    0x20000028   Section        6  usart.o(.data)
    .data                                    0x2000002e   Section       20  stm32f10x_rcc.o(.data)
    APBAHBPrescTable                         0x2000002e   Data          16  stm32f10x_rcc.o(.data)
    ADCPrescTable                            0x2000003e   Data           4  stm32f10x_rcc.o(.data)
    .data                                    0x20000044   Section       29  gizwits_product.o(.data)
    timerMsCount                             0x20000044   Data           4  gizwits_product.o(.data)
    .data                                    0x20000064   Section       16  gizwits_protocol.o(.data)
    lastReportTime                           0x20000064   Data           4  gizwits_protocol.o(.data)
    lastRepTime                              0x20000068   Data           4  gizwits_protocol.o(.data)
    protocolFlag                             0x2000006c   Data           1  gizwits_protocol.o(.data)
    protocolCount                            0x2000006e   Data           2  gizwits_protocol.o(.data)
    lastData                                 0x20000070   Data           1  gizwits_protocol.o(.data)
    debugCount                               0x20000071   Data           1  gizwits_protocol.o(.data)
    lastStatus                               0x20000072   Data           2  gizwits_protocol.o(.data)
    .bss                                     0x20000074   Section       14  lcd.o(.bss)
    .bss                                     0x20000082   Section      200  usart.o(.bss)
    .bss                                     0x2000014a   Section      322  gizwits_protocol.o(.bss)
    rbBuf                                    0x2000025e   Data          46  gizwits_protocol.o(.bss)
    .bss                                     0x2000028c   Section       96  libspace.o(.bss)
    HEAP                                     0x200002f0   Section      512  startup_stm32f10x_hd.o(HEAP)
    Heap_Mem                                 0x200002f0   Data         512  startup_stm32f10x_hd.o(HEAP)
    STACK                                    0x200004f0   Section     1024  startup_stm32f10x_hd.o(STACK)
    Stack_Mem                                0x200004f0   Data        1024  startup_stm32f10x_hd.o(STACK)
    __initial_sp                             0x200008f0   Data           0  startup_stm32f10x_hd.o(STACK)

    Global Symbols

    Symbol Name                              Value     Ov Type        Size  Object(Section)

    BuildAttributes$$THM_ISAv4$P$D$K$B$S$PE$A:L22UL41UL21$X:L11$S22US41US21$IEEE1$IW$USESV6$~STKCKD$USESV7$~SHL$OSPACE$ROPI$EBA8$UX$STANDARDLIB$REQ8$PRES8$EABIv2 0x00000000   Number         0  anon$$obj.o ABSOLUTE
    __ARM_use_no_argv                        0x00000000   Number         0  main.o ABSOLUTE
    _printf_flags                            0x00000000   Number         0  printf_stubs.o ABSOLUTE
    _printf_return_value                     0x00000000   Number         0  printf_stubs.o ABSOLUTE
    _printf_sizespec                         0x00000000   Number         0  printf_stubs.o ABSOLUTE
    _printf_widthprec                        0x00000000   Number         0  printf_stubs.o ABSOLUTE
    __ARM_exceptions_init                     - Undefined Weak Reference
    __alloca_initialize                       - Undefined Weak Reference
    __arm_preinit_                            - Undefined Weak Reference
    __cpp_initialize__aeabi_                  - Undefined Weak Reference
    __cxa_finalize                            - Undefined Weak Reference
    __sigvec_lookup                           - Undefined Weak Reference
    _atexit_init                              - Undefined Weak Reference
    _call_atexit_fns                          - Undefined Weak Reference
    _clock_init                               - Undefined Weak Reference
    _fp_trap_init                             - Undefined Weak Reference
    _fp_trap_shutdown                         - Undefined Weak Reference
    _get_lc_collate                           - Undefined Weak Reference
    _get_lc_monetary                          - Undefined Weak Reference
    _get_lc_numeric                           - Undefined Weak Reference
    _get_lc_time                              - Undefined Weak Reference
    _getenv_init                              - Undefined Weak Reference
    _handle_redirection                       - Undefined Weak Reference
    _init_alloc                               - Undefined Weak Reference
    _init_user_alloc                          - Undefined Weak Reference
    _initio                                   - Undefined Weak Reference
    _mutex_acquire                            - Undefined Weak Reference
    _mutex_release                            - Undefined Weak Reference
    _printf_truncate_signed                   - Undefined Weak Reference
    _printf_truncate_unsigned                 - Undefined Weak Reference
    _rand_init                                - Undefined Weak Reference
    _signal_finish                            - Undefined Weak Reference
    _signal_init                              - Undefined Weak Reference
    _terminate_alloc                          - Undefined Weak Reference
    _terminate_user_alloc                     - Undefined Weak Reference
    _terminateio                              - Undefined Weak Reference
    __Vectors_Size                           0x00000130   Number         0  startup_stm32f10x_hd.o ABSOLUTE
    __Vectors                                0x08000000   Data           4  startup_stm32f10x_hd.o(RESET)
    __Vectors_End                            0x08000130   Data           0  startup_stm32f10x_hd.o(RESET)
    __main                                   0x08000131   Thumb Code     8  __main.o(!!!main)
    __scatterload                            0x08000139   Thumb Code     0  __scatter.o(!!!scatter)
    __scatterload_rt2                        0x08000139   Thumb Code    44  __scatter.o(!!!scatter)
    __scatterload_rt2_thumb_only             0x08000139   Thumb Code     0  __scatter.o(!!!scatter)
    __scatterload_null                       0x08000147   Thumb Code     0  __scatter.o(!!!scatter)
    __scatterload_copy                       0x0800016d   Thumb Code    26  __scatter_copy.o(!!handler_copy)
    __scatterload_zeroinit                   0x08000189   Thumb Code    28  __scatter_zi.o(!!handler_zi)
    _printf_d                                0x080001a5   Thumb Code     0  _printf_d.o(.ARM.Collect$$_printf_percent$$00000009)
    _printf_percent                          0x080001a5   Thumb Code     0  _printf_percent.o(.ARM.Collect$$_printf_percent$$00000000)
    _printf_x                                0x080001ab   Thumb Code     0  _printf_x.o(.ARM.Collect$$_printf_percent$$0000000C)
    _printf_percent_end                      0x080001b1   Thumb Code     0  _printf_percent_end.o(.ARM.Collect$$_printf_percent$$00000017)
    __rt_lib_init                            0x080001b5   Thumb Code     0  libinit.o(.ARM.Collect$$libinit$$00000000)
    __rt_lib_init_fp_1                       0x080001b7   Thumb Code     0  libinit2.o(.ARM.Collect$$libinit$$00000002)
    __rt_lib_init_heap_1                     0x080001b7   Thumb Code     0  libinit2.o(.ARM.Collect$$libinit$$0000000A)
    __rt_lib_init_lc_common                  0x080001b7   Thumb Code     0  libinit2.o(.ARM.Collect$$libinit$$0000000F)
    __rt_lib_init_preinit_1                  0x080001b7   Thumb Code     0  libinit2.o(.ARM.Collect$$libinit$$00000004)
    __rt_lib_init_rand_1                     0x080001b7   Thumb Code     0  libinit2.o(.ARM.Collect$$libinit$$0000000E)
    __rt_lib_init_user_alloc_1               0x080001b7   Thumb Code     0  libinit2.o(.ARM.Collect$$libinit$$0000000C)
    __rt_lib_init_lc_collate_1               0x080001bd   Thumb Code     0  libinit2.o(.ARM.Collect$$libinit$$00000011)
    __rt_lib_init_lc_ctype_2                 0x080001bd   Thumb Code     0  libinit2.o(.ARM.Collect$$libinit$$00000012)
    __rt_lib_init_alloca_1                   0x080001c9   Thumb Code     0  libinit2.o(.ARM.Collect$$libinit$$0000002E)
    __rt_lib_init_argv_1                     0x080001c9   Thumb Code     0  libinit2.o(.ARM.Collect$$libinit$$0000002C)
    __rt_lib_init_atexit_1                   0x080001c9   Thumb Code     0  libinit2.o(.ARM.Collect$$libinit$$0000001B)
    __rt_lib_init_clock_1                    0x080001c9   Thumb Code     0  libinit2.o(.ARM.Collect$$libinit$$00000021)
    __rt_lib_init_cpp_1                      0x080001c9   Thumb Code     0  libinit2.o(.ARM.Collect$$libinit$$00000032)
    __rt_lib_init_exceptions_1               0x080001c9   Thumb Code     0  libinit2.o(.ARM.Collect$$libinit$$00000030)
    __rt_lib_init_fp_trap_1                  0x080001c9   Thumb Code     0  libinit2.o(.ARM.Collect$$libinit$$0000001F)
    __rt_lib_init_getenv_1                   0x080001c9   Thumb Code     0  libinit2.o(.ARM.Collect$$libinit$$00000023)
    __rt_lib_init_lc_ctype_1                 0x080001c9   Thumb Code     0  libinit2.o(.ARM.Collect$$libinit$$00000013)
    __rt_lib_init_lc_monetary_1              0x080001c9   Thumb Code     0  libinit2.o(.ARM.Collect$$libinit$$00000015)
    __rt_lib_init_lc_numeric_1               0x080001c9   Thumb Code     0  libinit2.o(.ARM.Collect$$libinit$$00000017)
    __rt_lib_init_lc_time_1                  0x080001c9   Thumb Code     0  libinit2.o(.ARM.Collect$$libinit$$00000019)
    __rt_lib_init_return                     0x080001c9   Thumb Code     0  libinit2.o(.ARM.Collect$$libinit$$00000033)
    __rt_lib_init_signal_1                   0x080001c9   Thumb Code     0  libinit2.o(.ARM.Collect$$libinit$$0000001D)
    __rt_lib_init_stdio_1                    0x080001c9   Thumb Code     0  libinit2.o(.ARM.Collect$$libinit$$00000025)
    __rt_lib_shutdown                        0x080001cb   Thumb Code     0  libshutdown.o(.ARM.Collect$$libshutdown$$00000000)
    __rt_lib_shutdown_fp_trap_1              0x080001cd   Thumb Code     0  libshutdown2.o(.ARM.Collect$$libshutdown$$00000006)
    __rt_lib_shutdown_heap_1                 0x080001cd   Thumb Code     0  libshutdown2.o(.ARM.Collect$$libshutdown$$0000000E)
    __rt_lib_shutdown_return                 0x080001cd   Thumb Code     0  libshutdown2.o(.ARM.Collect$$libshutdown$$0000000F)
    __rt_lib_shutdown_signal_1               0x080001cd   Thumb Code     0  libshutdown2.o(.ARM.Collect$$libshutdown$$00000009)
    __rt_lib_shutdown_stdio_1                0x080001cd   Thumb Code     0  libshutdown2.o(.ARM.Collect$$libshutdown$$00000003)
    __rt_lib_shutdown_user_alloc_1           0x080001cd   Thumb Code     0  libshutdown2.o(.ARM.Collect$$libshutdown$$0000000B)
    __rt_entry                               0x080001cf   Thumb Code     0  __rtentry.o(.ARM.Collect$$rtentry$$00000000)
    __rt_entry_presh_1                       0x080001cf   Thumb Code     0  __rtentry2.o(.ARM.Collect$$rtentry$$00000002)
    __rt_entry_sh                            0x080001cf   Thumb Code     0  __rtentry4.o(.ARM.Collect$$rtentry$$00000004)
    __rt_entry_li                            0x080001d5   Thumb Code     0  __rtentry2.o(.ARM.Collect$$rtentry$$0000000A)
    __rt_entry_postsh_1                      0x080001d5   Thumb Code     0  __rtentry2.o(.ARM.Collect$$rtentry$$00000009)
    __rt_entry_main                          0x080001d9   Thumb Code     0  __rtentry2.o(.ARM.Collect$$rtentry$$0000000D)
    __rt_entry_postli_1                      0x080001d9   Thumb Code     0  __rtentry2.o(.ARM.Collect$$rtentry$$0000000C)
    __rt_exit                                0x080001e1   Thumb Code     0  rtexit.o(.ARM.Collect$$rtexit$$00000000)
    __rt_exit_ls                             0x080001e3   Thumb Code     0  rtexit2.o(.ARM.Collect$$rtexit$$00000003)
    __rt_exit_prels_1                        0x080001e3   Thumb Code     0  rtexit2.o(.ARM.Collect$$rtexit$$00000002)
    __rt_exit_exit                           0x080001e7   Thumb Code     0  rtexit2.o(.ARM.Collect$$rtexit$$00000004)
    userHandle                               0x080001ed   Thumb Code    94  main.o(.text)
    mykey                                    0x0800024b   Thumb Code   172  main.o(.text)
    Gizwits_Init                             0x080002f7   Thumb Code    34  main.o(.text)
    Hardware_Init                            0x08000319   Thumb Code    58  main.o(.text)
    main                                     0x08000353   Thumb Code   158  main.o(.text)
    NMI_Handler                              0x08000495   Thumb Code     2  stm32f10x_it.o(.text)
    HardFault_Handler                        0x08000497   Thumb Code     4  stm32f10x_it.o(.text)
    MemManage_Handler                        0x0800049b   Thumb Code     4  stm32f10x_it.o(.text)
    BusFault_Handler                         0x0800049f   Thumb Code     4  stm32f10x_it.o(.text)
    UsageFault_Handler                       0x080004a3   Thumb Code     4  stm32f10x_it.o(.text)
    SVC_Handler                              0x080004a7   Thumb Code     2  stm32f10x_it.o(.text)
    DebugMon_Handler                         0x080004a9   Thumb Code     2  stm32f10x_it.o(.text)
    PendSV_Handler                           0x080004ab   Thumb Code     2  stm32f10x_it.o(.text)
    SysTick_Handler                          0x080004ad   Thumb Code     2  stm32f10x_it.o(.text)
    SystemInit                               0x0800058f   Thumb Code    78  system_stm32f10x.o(.text)
    SystemCoreClockUpdate                    0x080005dd   Thumb Code   142  system_stm32f10x.o(.text)
    LED_Init                                 0x08000691   Thumb Code    74  led.o(.text)
    KEY_Init                                 0x080006e5   Thumb Code    52  key.o(.text)
    KEY_Scan                                 0x08000719   Thumb Code   150  key.o(.text)
    LCD_WR_REG                               0x080007bd   Thumb Code     6  lcd.o(.text)
    LCD_WR_DATA                              0x080007c3   Thumb Code     8  lcd.o(.text)
    LCD_RD_DATA                              0x080007cb   Thumb Code    16  lcd.o(.text)
    LCD_WriteReg                             0x080007db   Thumb Code    10  lcd.o(.text)
    LCD_ReadReg                              0x080007e5   Thumb Code    22  lcd.o(.text)
    LCD_WriteRAM_Prepare                     0x080007fb   Thumb Code    10  lcd.o(.text)
    LCD_WriteRAM                             0x08000805   Thumb Code     8  lcd.o(.text)
    LCD_BGR2RGB                              0x0800080d   Thumb Code    26  lcd.o(.text)
    opt_delay                                0x08000827   Thumb Code    14  lcd.o(.text)
    LCD_SetCursor                            0x08000835   Thumb Code   418  lcd.o(.text)
    LCD_ReadPoint                            0x080009d7   Thumb Code   360  lcd.o(.text)
    LCD_DisplayOn                            0x08000b3f   Thumb Code   102  lcd.o(.text)
    LCD_DisplayOff                           0x08000ba5   Thumb Code    90  lcd.o(.text)
    LCD_Scan_Dir                             0x08000bff   Thumb Code   744  lcd.o(.text)
    LCD_DrawPoint                            0x08000ee7   Thumb Code    28  lcd.o(.text)
    LCD_Fast_DrawPoint                       0x08000f03   Thumb Code   384  lcd.o(.text)
    LCD_SSD_BackLightSet                     0x08001083   Thumb Code    80  lcd.o(.text)
    LCD_Display_Dir                          0x080010d3   Thumb Code   444  lcd.o(.text)
    LCD_Set_Window                           0x0800128f   Thumb Code   540  lcd.o(.text)
    LCD_Clear                                0x080014ab   Thumb Code   100  lcd.o(.text)
    LCD_Init                                 0x0800150f   Thumb Code 14184  lcd.o(.text)
    LCD_Fill                                 0x08004c77   Thumb Code   178  lcd.o(.text)
    LCD_Color_Fill                           0x08004d29   Thumb Code   106  lcd.o(.text)
    LCD_DrawLine                             0x08004d93   Thumb Code   176  lcd.o(.text)
    LCD_DrawRectangle                        0x08004e43   Thumb Code    60  lcd.o(.text)
    LCD_Draw_Circle                          0x08004e7f   Thumb Code   152  lcd.o(.text)
    LCD_ShowChar                             0x08004f17   Thumb Code   272  lcd.o(.text)
    LCD_Pow                                  0x08005027   Thumb Code    22  lcd.o(.text)
    LCD_ShowNum                              0x0800503d   Thumb Code   148  lcd.o(.text)
    LCD_ShowxNum                             0x080050d1   Thumb Code   220  lcd.o(.text)
    LCD_ShowString                           0x080051ad   Thumb Code   102  lcd.o(.text)
    TIM3_Int_Init                            0x08005215   Thumb Code    90  timer.o(.text)
    TIM3_PWM_Init                            0x0800526f   Thumb Code    90  timer.o(.text)
    TIM2_Int_Init                            0x080052c9   Thumb Code    92  timer.o(.text)
    TIM3_IRQHandler                          0x08005325   Thumb Code    26  timer.o(.text)
    TIM2_IRQHandler                          0x0800533f   Thumb Code   180  timer.o(.text)
    USART3_IRQHandler                        0x08005419   Thumb Code    34  usart3.o(.text)
    usart3_init                              0x0800543b   Thumb Code   158  usart3.o(.text)
    delay_init                               0x080054e1   Thumb Code    50  delay.o(.text)
    delay_us                                 0x08005513   Thumb Code    72  delay.o(.text)
    delay_ms                                 0x0800555b   Thumb Code    72  delay.o(.text)
    _sys_exit                                0x080055b5   Thumb Code     6  usart.o(.text)
    fputc                                    0x080055bb   Thumb Code    24  usart.o(.text)
    uart_init                                0x080055d3   Thumb Code   152  usart.o(.text)
    USART1_IRQHandler                        0x0800566b   Thumb Code   122  usart.o(.text)
    Reset_Handler                            0x080056f5   Thumb Code     8  startup_stm32f10x_hd.o(.text)
    ADC1_2_IRQHandler                        0x0800570f   Thumb Code     0  startup_stm32f10x_hd.o(.text)
    ADC3_IRQHandler                          0x0800570f   Thumb Code     0  startup_stm32f10x_hd.o(.text)
    CAN1_RX1_IRQHandler                      0x0800570f   Thumb Code     0  startup_stm32f10x_hd.o(.text)
    CAN1_SCE_IRQHandler                      0x0800570f   Thumb Code     0  startup_stm32f10x_hd.o(.text)
    DMA1_Channel1_IRQHandler                 0x0800570f   Thumb Code     0  startup_stm32f10x_hd.o(.text)
    DMA1_Channel2_IRQHandler                 0x0800570f   Thumb Code     0  startup_stm32f10x_hd.o(.text)
    DMA1_Channel3_IRQHandler                 0x0800570f   Thumb Code     0  startup_stm32f10x_hd.o(.text)
    DMA1_Channel4_IRQHandler                 0x0800570f   Thumb Code     0  startup_stm32f10x_hd.o(.text)
    DMA1_Channel5_IRQHandler                 0x0800570f   Thumb Code     0  startup_stm32f10x_hd.o(.text)
    DMA1_Channel6_IRQHandler                 0x0800570f   Thumb Code     0  startup_stm32f10x_hd.o(.text)
    DMA1_Channel7_IRQHandler                 0x0800570f   Thumb Code     0  startup_stm32f10x_hd.o(.text)
    DMA2_Channel1_IRQHandler                 0x0800570f   Thumb Code     0  startup_stm32f10x_hd.o(.text)
    DMA2_Channel2_IRQHandler                 0x0800570f   Thumb Code     0  startup_stm32f10x_hd.o(.text)
    DMA2_Channel3_IRQHandler                 0x0800570f   Thumb Code     0  startup_stm32f10x_hd.o(.text)
    DMA2_Channel4_5_IRQHandler               0x0800570f   Thumb Code     0  startup_stm32f10x_hd.o(.text)
    EXTI0_IRQHandler                         0x0800570f   Thumb Code     0  startup_stm32f10x_hd.o(.text)
    EXTI15_10_IRQHandler                     0x0800570f   Thumb Code     0  startup_stm32f10x_hd.o(.text)
    EXTI1_IRQHandler                         0x0800570f   Thumb Code     0  startup_stm32f10x_hd.o(.text)
    EXTI2_IRQHandler                         0x0800570f   Thumb Code     0  startup_stm32f10x_hd.o(.text)
    EXTI3_IRQHandler                         0x0800570f   Thumb Code     0  startup_stm32f10x_hd.o(.text)
    EXTI4_IRQHandler                         0x0800570f   Thumb Code     0  startup_stm32f10x_hd.o(.text)
    EXTI9_5_IRQHandler                       0x0800570f   Thumb Code     0  startup_stm32f10x_hd.o(.text)
    FLASH_IRQHandler                         0x0800570f   Thumb Code     0  startup_stm32f10x_hd.o(.text)
    FSMC_IRQHandler                          0x0800570f   Thumb Code     0  startup_stm32f10x_hd.o(.text)
    I2C1_ER_IRQHandler                       0x0800570f   Thumb Code     0  startup_stm32f10x_hd.o(.text)
    I2C1_EV_IRQHandler                       0x0800570f   Thumb Code     0  startup_stm32f10x_hd.o(.text)
    I2C2_ER_IRQHandler                       0x0800570f   Thumb Code     0  startup_stm32f10x_hd.o(.text)
    I2C2_EV_IRQHandler                       0x0800570f   Thumb Code     0  startup_stm32f10x_hd.o(.text)
    PVD_IRQHandler                           0x0800570f   Thumb Code     0  startup_stm32f10x_hd.o(.text)
    RCC_IRQHandler                           0x0800570f   Thumb Code     0  startup_stm32f10x_hd.o(.text)
    RTCAlarm_IRQHandler                      0x0800570f   Thumb Code     0  startup_stm32f10x_hd.o(.text)
    RTC_IRQHandler                           0x0800570f   Thumb Code     0  startup_stm32f10x_hd.o(.text)
    SDIO_IRQHandler                          0x0800570f   Thumb Code     0  startup_stm32f10x_hd.o(.text)
    SPI1_IRQHandler                          0x0800570f   Thumb Code     0  startup_stm32f10x_hd.o(.text)
    SPI2_IRQHandler                          0x0800570f   Thumb Code     0  startup_stm32f10x_hd.o(.text)
    SPI3_IRQHandler                          0x0800570f   Thumb Code     0  startup_stm32f10x_hd.o(.text)
    TAMPER_IRQHandler                        0x0800570f   Thumb Code     0  startup_stm32f10x_hd.o(.text)
    TIM1_BRK_IRQHandler                      0x0800570f   Thumb Code     0  startup_stm32f10x_hd.o(.text)
    TIM1_CC_IRQHandler                       0x0800570f   Thumb Code     0  startup_stm32f10x_hd.o(.text)
    TIM1_TRG_COM_IRQHandler                  0x0800570f   Thumb Code     0  startup_stm32f10x_hd.o(.text)
    TIM1_UP_IRQHandler                       0x0800570f   Thumb Code     0  startup_stm32f10x_hd.o(.text)
    TIM4_IRQHandler                          0x0800570f   Thumb Code     0  startup_stm32f10x_hd.o(.text)
    TIM5_IRQHandler                          0x0800570f   Thumb Code     0  startup_stm32f10x_hd.o(.text)
    TIM6_IRQHandler                          0x0800570f   Thumb Code     0  startup_stm32f10x_hd.o(.text)
    TIM7_IRQHandler                          0x0800570f   Thumb Code     0  startup_stm32f10x_hd.o(.text)
    TIM8_BRK_IRQHandler                      0x0800570f   Thumb Code     0  startup_stm32f10x_hd.o(.text)
    TIM8_CC_IRQHandler                       0x0800570f   Thumb Code     0  startup_stm32f10x_hd.o(.text)
    TIM8_TRG_COM_IRQHandler                  0x0800570f   Thumb Code     0  startup_stm32f10x_hd.o(.text)
    TIM8_UP_IRQHandler                       0x0800570f   Thumb Code     0  startup_stm32f10x_hd.o(.text)
    UART4_IRQHandler                         0x0800570f   Thumb Code     0  startup_stm32f10x_hd.o(.text)
    UART5_IRQHandler                         0x0800570f   Thumb Code     0  startup_stm32f10x_hd.o(.text)
    USART2_IRQHandler                        0x0800570f   Thumb Code     0  startup_stm32f10x_hd.o(.text)
    USBWakeUp_IRQHandler                     0x0800570f   Thumb Code     0  startup_stm32f10x_hd.o(.text)
    USB_HP_CAN1_TX_IRQHandler                0x0800570f   Thumb Code     0  startup_stm32f10x_hd.o(.text)
    USB_LP_CAN1_RX0_IRQHandler               0x0800570f   Thumb Code     0  startup_stm32f10x_hd.o(.text)
    WWDG_IRQHandler                          0x0800570f   Thumb Code     0  startup_stm32f10x_hd.o(.text)
    __user_initial_stackheap                 0x08005711   Thumb Code     0  startup_stm32f10x_hd.o(.text)
    NVIC_PriorityGroupConfig                 0x08005735   Thumb Code    10  misc.o(.text)
    NVIC_Init                                0x0800573f   Thumb Code   100  misc.o(.text)
    NVIC_SetVectorTable                      0x080057a3   Thumb Code    14  misc.o(.text)
    NVIC_SystemLPConfig                      0x080057b1   Thumb Code    34  misc.o(.text)
    SysTick_CLKSourceConfig                  0x080057d3   Thumb Code    40  misc.o(.text)
    FSMC_NORSRAMDeInit                       0x08005811   Thumb Code    54  stm32f10x_fsmc.o(.text)
    FSMC_NANDDeInit                          0x08005847   Thumb Code    62  stm32f10x_fsmc.o(.text)
    FSMC_PCCARDDeInit                        0x08005885   Thumb Code    36  stm32f10x_fsmc.o(.text)
    FSMC_NORSRAMInit                         0x080058a9   Thumb Code   230  stm32f10x_fsmc.o(.text)
    FSMC_NANDInit                            0x0800598f   Thumb Code   132  stm32f10x_fsmc.o(.text)
    FSMC_PCCARDInit                          0x08005a13   Thumb Code   130  stm32f10x_fsmc.o(.text)
    FSMC_NORSRAMStructInit                   0x08005a95   Thumb Code   114  stm32f10x_fsmc.o(.text)
    FSMC_NANDStructInit                      0x08005b07   Thumb Code    54  stm32f10x_fsmc.o(.text)
    FSMC_PCCARDStructInit                    0x08005b3d   Thumb Code    60  stm32f10x_fsmc.o(.text)
    FSMC_NORSRAMCmd                          0x08005b79   Thumb Code    46  stm32f10x_fsmc.o(.text)
    FSMC_NANDCmd                             0x08005ba7   Thumb Code    86  stm32f10x_fsmc.o(.text)
    FSMC_PCCARDCmd                           0x08005bfd   Thumb Code    44  stm32f10x_fsmc.o(.text)
    FSMC_NANDECCCmd                          0x08005c29   Thumb Code    90  stm32f10x_fsmc.o(.text)
    FSMC_GetECC                              0x08005c83   Thumb Code    24  stm32f10x_fsmc.o(.text)
    FSMC_ITConfig                            0x08005c9b   Thumb Code   128  stm32f10x_fsmc.o(.text)
    FSMC_GetFlagStatus                       0x08005d1b   Thumb Code    54  stm32f10x_fsmc.o(.text)
    FSMC_ClearFlag                           0x08005d51   Thumb Code    62  stm32f10x_fsmc.o(.text)
    FSMC_GetITStatus                         0x08005d8f   Thumb Code    64  stm32f10x_fsmc.o(.text)
    FSMC_ClearITPendingBit                   0x08005dcf   Thumb Code    68  stm32f10x_fsmc.o(.text)
    GPIO_DeInit                              0x08005e1d   Thumb Code   172  stm32f10x_gpio.o(.text)
    GPIO_AFIODeInit                          0x08005ec9   Thumb Code    20  stm32f10x_gpio.o(.text)
    GPIO_Init                                0x08005edd   Thumb Code   278  stm32f10x_gpio.o(.text)
    GPIO_StructInit                          0x08005ff3   Thumb Code    16  stm32f10x_gpio.o(.text)
    GPIO_ReadInputDataBit                    0x08006003   Thumb Code    18  stm32f10x_gpio.o(.text)
    GPIO_ReadInputData                       0x08006015   Thumb Code     8  stm32f10x_gpio.o(.text)
    GPIO_ReadOutputDataBit                   0x0800601d   Thumb Code    18  stm32f10x_gpio.o(.text)
    GPIO_ReadOutputData                      0x0800602f   Thumb Code     8  stm32f10x_gpio.o(.text)
    GPIO_SetBits                             0x08006037   Thumb Code     4  stm32f10x_gpio.o(.text)
    GPIO_ResetBits                           0x0800603b   Thumb Code     4  stm32f10x_gpio.o(.text)
    GPIO_WriteBit                            0x0800603f   Thumb Code    10  stm32f10x_gpio.o(.text)
    GPIO_Write                               0x08006049   Thumb Code     4  stm32f10x_gpio.o(.text)
    GPIO_PinLockConfig                       0x0800604d   Thumb Code    18  stm32f10x_gpio.o(.text)
    GPIO_EventOutputConfig                   0x0800605f   Thumb Code    26  stm32f10x_gpio.o(.text)
    GPIO_EventOutputCmd                      0x08006079   Thumb Code     6  stm32f10x_gpio.o(.text)
    GPIO_PinRemapConfig                      0x0800607f   Thumb Code   138  stm32f10x_gpio.o(.text)
    GPIO_EXTILineConfig                      0x08006109   Thumb Code    66  stm32f10x_gpio.o(.text)
    GPIO_ETH_MediaInterfaceConfig            0x0800614b   Thumb Code     8  stm32f10x_gpio.o(.text)
    RCC_DeInit                               0x08006179   Thumb Code    64  stm32f10x_rcc.o(.text)
    RCC_HSEConfig                            0x080061b9   Thumb Code    70  stm32f10x_rcc.o(.text)
    RCC_GetFlagStatus                        0x080061ff   Thumb Code    56  stm32f10x_rcc.o(.text)
    RCC_WaitForHSEStartUp                    0x08006237   Thumb Code    56  stm32f10x_rcc.o(.text)
    RCC_AdjustHSICalibrationValue            0x0800626f   Thumb Code    20  stm32f10x_rcc.o(.text)
    RCC_HSICmd                               0x08006283   Thumb Code     6  stm32f10x_rcc.o(.text)
    RCC_PLLConfig                            0x08006289   Thumb Code    24  stm32f10x_rcc.o(.text)
    RCC_PLLCmd                               0x080062a1   Thumb Code     6  stm32f10x_rcc.o(.text)
    RCC_SYSCLKConfig                         0x080062a7   Thumb Code    18  stm32f10x_rcc.o(.text)
    RCC_GetSYSCLKSource                      0x080062b9   Thumb Code    10  stm32f10x_rcc.o(.text)
    RCC_HCLKConfig                           0x080062c3   Thumb Code    18  stm32f10x_rcc.o(.text)
    RCC_PCLK1Config                          0x080062d5   Thumb Code    18  stm32f10x_rcc.o(.text)
    RCC_PCLK2Config                          0x080062e7   Thumb Code    20  stm32f10x_rcc.o(.text)
    RCC_ITConfig                             0x080062fb   Thumb Code    26  stm32f10x_rcc.o(.text)
    RCC_USBCLKConfig                         0x08006315   Thumb Code     8  stm32f10x_rcc.o(.text)
    RCC_ADCCLKConfig                         0x0800631d   Thumb Code    18  stm32f10x_rcc.o(.text)
    RCC_LSEConfig                            0x0800632f   Thumb Code    50  stm32f10x_rcc.o(.text)
    RCC_LSICmd                               0x08006361   Thumb Code     6  stm32f10x_rcc.o(.text)
    RCC_RTCCLKConfig                         0x08006367   Thumb Code    12  stm32f10x_rcc.o(.text)
    RCC_RTCCLKCmd                            0x08006373   Thumb Code     8  stm32f10x_rcc.o(.text)
    RCC_GetClocksFreq                        0x0800637b   Thumb Code   192  stm32f10x_rcc.o(.text)
    RCC_AHBPeriphClockCmd                    0x0800643b   Thumb Code    26  stm32f10x_rcc.o(.text)
    RCC_APB2PeriphClockCmd                   0x08006455   Thumb Code    26  stm32f10x_rcc.o(.text)
    RCC_APB1PeriphClockCmd                   0x0800646f   Thumb Code    26  stm32f10x_rcc.o(.text)
    RCC_APB2PeriphResetCmd                   0x08006489   Thumb Code    26  stm32f10x_rcc.o(.text)
    RCC_APB1PeriphResetCmd                   0x080064a3   Thumb Code    26  stm32f10x_rcc.o(.text)
    RCC_BackupResetCmd                       0x080064bd   Thumb Code     8  stm32f10x_rcc.o(.text)
    RCC_ClockSecuritySystemCmd               0x080064c5   Thumb Code     6  stm32f10x_rcc.o(.text)
    RCC_MCOConfig                            0x080064cb   Thumb Code     6  stm32f10x_rcc.o(.text)
    RCC_ClearFlag                            0x080064d1   Thumb Code    14  stm32f10x_rcc.o(.text)
    RCC_GetITStatus                          0x080064df   Thumb Code    20  stm32f10x_rcc.o(.text)
    RCC_ClearITPendingBit                    0x080064f3   Thumb Code     6  stm32f10x_rcc.o(.text)
    USART_DeInit                             0x0800651d   Thumb Code   134  stm32f10x_usart.o(.text)
    USART_Init                               0x080065a3   Thumb Code   210  stm32f10x_usart.o(.text)
    USART_StructInit                         0x08006675   Thumb Code    24  stm32f10x_usart.o(.text)
    USART_ClockInit                          0x0800668d   Thumb Code    34  stm32f10x_usart.o(.text)
    USART_ClockStructInit                    0x080066af   Thumb Code    12  stm32f10x_usart.o(.text)
    USART_Cmd                                0x080066bb   Thumb Code    24  stm32f10x_usart.o(.text)
    USART_ITConfig                           0x080066d3   Thumb Code    74  stm32f10x_usart.o(.text)
    USART_DMACmd                             0x0800671d   Thumb Code    18  stm32f10x_usart.o(.text)
    USART_SetAddress                         0x0800672f   Thumb Code    18  stm32f10x_usart.o(.text)
    USART_WakeUpConfig                       0x08006741   Thumb Code    18  stm32f10x_usart.o(.text)
    USART_ReceiverWakeUpCmd                  0x08006753   Thumb Code    24  stm32f10x_usart.o(.text)
    USART_LINBreakDetectLengthConfig         0x0800676b   Thumb Code    18  stm32f10x_usart.o(.text)
    USART_LINCmd                             0x0800677d   Thumb Code    24  stm32f10x_usart.o(.text)
    USART_SendData                           0x08006795   Thumb Code     8  stm32f10x_usart.o(.text)
    USART_ReceiveData                        0x0800679d   Thumb Code    10  stm32f10x_usart.o(.text)
    USART_SendBreak                          0x080067a7   Thumb Code    10  stm32f10x_usart.o(.text)
    USART_SetGuardTime                       0x080067b1   Thumb Code    16  stm32f10x_usart.o(.text)
    USART_SetPrescaler                       0x080067c1   Thumb Code    16  stm32f10x_usart.o(.text)
    USART_SmartCardCmd                       0x080067d1   Thumb Code    24  stm32f10x_usart.o(.text)
    USART_SmartCardNACKCmd                   0x080067e9   Thumb Code    24  stm32f10x_usart.o(.text)
    USART_HalfDuplexCmd                      0x08006801   Thumb Code    24  stm32f10x_usart.o(.text)
    USART_OverSampling8Cmd                   0x08006819   Thumb Code    22  stm32f10x_usart.o(.text)
    USART_OneBitMethodCmd                    0x0800682f   Thumb Code    24  stm32f10x_usart.o(.text)
    USART_IrDAConfig                         0x08006847   Thumb Code    18  stm32f10x_usart.o(.text)
    USART_IrDACmd                            0x08006859   Thumb Code    24  stm32f10x_usart.o(.text)
    USART_GetFlagStatus                      0x08006871   Thumb Code    26  stm32f10x_usart.o(.text)
    USART_ClearFlag                          0x0800688b   Thumb Code    18  stm32f10x_usart.o(.text)
    USART_GetITStatus                        0x0800689d   Thumb Code    84  stm32f10x_usart.o(.text)
    USART_ClearITPendingBit                  0x080068f1   Thumb Code    52  stm32f10x_usart.o(.text)
    TIM_DeInit                               0x08006925   Thumb Code   424  stm32f10x_tim.o(.text)
    TIM_TimeBaseInit                         0x08006acd   Thumb Code   122  stm32f10x_tim.o(.text)
    TIM_OC1Init                              0x08006b47   Thumb Code   132  stm32f10x_tim.o(.text)
    TIM_OC2Init                              0x08006bcb   Thumb Code   154  stm32f10x_tim.o(.text)
    TIM_OC3Init                              0x08006c65   Thumb Code   150  stm32f10x_tim.o(.text)
    TIM_OC4Init                              0x08006cfb   Thumb Code   182  stm32f10x_tim.o(.text)
    TIM_SetIC4Prescaler                      0x08006db1   Thumb Code    26  stm32f10x_tim.o(.text)
    TIM_SetIC3Prescaler                      0x08006e4d   Thumb Code    18  stm32f10x_tim.o(.text)
    TIM_SetIC2Prescaler                      0x08006ed9   Thumb Code    26  stm32f10x_tim.o(.text)
    TIM_SetIC1Prescaler                      0x08006f75   Thumb Code    18  stm32f10x_tim.o(.text)
    TIM_ICInit                               0x08006ff3   Thumb Code   150  stm32f10x_tim.o(.text)
    TIM_PWMIConfig                           0x08007089   Thumb Code   124  stm32f10x_tim.o(.text)
    TIM_BDTRConfig                           0x08007105   Thumb Code    32  stm32f10x_tim.o(.text)
    TIM_TimeBaseStructInit                   0x08007125   Thumb Code    18  stm32f10x_tim.o(.text)
    TIM_OCStructInit                         0x08007137   Thumb Code    20  stm32f10x_tim.o(.text)
    TIM_ICStructInit                         0x0800714b   Thumb Code    18  stm32f10x_tim.o(.text)
    TIM_BDTRStructInit                       0x0800715d   Thumb Code    40  stm32f10x_tim.o(.text)
    TIM_Cmd                                  0x08007185   Thumb Code    24  stm32f10x_tim.o(.text)
    TIM_CtrlPWMOutputs                       0x0800719d   Thumb Code    30  stm32f10x_tim.o(.text)
    TIM_ITConfig                             0x080071bb   Thumb Code    18  stm32f10x_tim.o(.text)
    TIM_GenerateEvent                        0x080071cd   Thumb Code     4  stm32f10x_tim.o(.text)
    TIM_DMAConfig                            0x080071d1   Thumb Code    10  stm32f10x_tim.o(.text)
    TIM_DMACmd                               0x080071db   Thumb Code    18  stm32f10x_tim.o(.text)
    TIM_InternalClockConfig                  0x080071ed   Thumb Code    12  stm32f10x_tim.o(.text)
    TIM_SelectInputTrigger                   0x080071f9   Thumb Code    18  stm32f10x_tim.o(.text)
    TIM_ITRxExternalClockConfig              0x0800720b   Thumb Code    24  stm32f10x_tim.o(.text)
    TIM_TIxExternalClockConfig               0x08007223   Thumb Code    62  stm32f10x_tim.o(.text)
    TIM_ETRConfig                            0x08007261   Thumb Code    28  stm32f10x_tim.o(.text)
    TIM_ETRClockMode1Config                  0x0800727d   Thumb Code    54  stm32f10x_tim.o(.text)
    TIM_ETRClockMode2Config                  0x080072b3   Thumb Code    32  stm32f10x_tim.o(.text)
    TIM_PrescalerConfig                      0x080072d3   Thumb Code     6  stm32f10x_tim.o(.text)
    TIM_CounterModeConfig                    0x080072d9   Thumb Code    18  stm32f10x_tim.o(.text)
    TIM_EncoderInterfaceConfig               0x080072eb   Thumb Code    66  stm32f10x_tim.o(.text)
    TIM_ForcedOC1Config                      0x0800732d   Thumb Code    18  stm32f10x_tim.o(.text)
    TIM_ForcedOC2Config                      0x0800733f   Thumb Code    26  stm32f10x_tim.o(.text)
    TIM_ForcedOC3Config                      0x08007359   Thumb Code    18  stm32f10x_tim.o(.text)
    TIM_ForcedOC4Config                      0x0800736b   Thumb Code    26  stm32f10x_tim.o(.text)
    TIM_ARRPreloadConfig                     0x08007385   Thumb Code    24  stm32f10x_tim.o(.text)
    TIM_SelectCOM                            0x0800739d   Thumb Code    24  stm32f10x_tim.o(.text)
    TIM_SelectCCDMA                          0x080073b5   Thumb Code    24  stm32f10x_tim.o(.text)
    TIM_CCPreloadControl                     0x080073cd   Thumb Code    24  stm32f10x_tim.o(.text)
    TIM_OC1PreloadConfig                     0x080073e5   Thumb Code    18  stm32f10x_tim.o(.text)
    TIM_OC2PreloadConfig                     0x080073f7   Thumb Code    26  stm32f10x_tim.o(.text)
    TIM_OC3PreloadConfig                     0x08007411   Thumb Code    18  stm32f10x_tim.o(.text)
    TIM_OC4PreloadConfig                     0x08007423   Thumb Code    26  stm32f10x_tim.o(.text)
    TIM_OC1FastConfig                        0x0800743d   Thumb Code    18  stm32f10x_tim.o(.text)
    TIM_OC2FastConfig                        0x0800744f   Thumb Code    26  stm32f10x_tim.o(.text)
    TIM_OC3FastConfig                        0x08007469   Thumb Code    18  stm32f10x_tim.o(.text)
    TIM_OC4FastConfig                        0x0800747b   Thumb Code    26  stm32f10x_tim.o(.text)
    TIM_ClearOC1Ref                          0x08007495   Thumb Code    18  stm32f10x_tim.o(.text)
    TIM_ClearOC2Ref                          0x080074a7   Thumb Code    24  stm32f10x_tim.o(.text)
    TIM_ClearOC3Ref                          0x080074bf   Thumb Code    18  stm32f10x_tim.o(.text)
    TIM_ClearOC4Ref                          0x080074d1   Thumb Code    24  stm32f10x_tim.o(.text)
    TIM_OC1PolarityConfig                    0x080074e9   Thumb Code    18  stm32f10x_tim.o(.text)
    TIM_OC1NPolarityConfig                   0x080074fb   Thumb Code    18  stm32f10x_tim.o(.text)
    TIM_OC2PolarityConfig                    0x0800750d   Thumb Code    26  stm32f10x_tim.o(.text)
    TIM_OC2NPolarityConfig                   0x08007527   Thumb Code    26  stm32f10x_tim.o(.text)
    TIM_OC3PolarityConfig                    0x08007541   Thumb Code    26  stm32f10x_tim.o(.text)
    TIM_OC3NPolarityConfig                   0x0800755b   Thumb Code    26  stm32f10x_tim.o(.text)
    TIM_OC4PolarityConfig                    0x08007575   Thumb Code    26  stm32f10x_tim.o(.text)
    TIM_CCxCmd                               0x0800758f   Thumb Code    30  stm32f10x_tim.o(.text)
    TIM_CCxNCmd                              0x080075ad   Thumb Code    30  stm32f10x_tim.o(.text)
    TIM_SelectOCxM                           0x080075cb   Thumb Code    82  stm32f10x_tim.o(.text)
    TIM_UpdateDisableConfig                  0x0800761d   Thumb Code    24  stm32f10x_tim.o(.text)
    TIM_UpdateRequestConfig                  0x08007635   Thumb Code    24  stm32f10x_tim.o(.text)
    TIM_SelectHallSensor                     0x0800764d   Thumb Code    24  stm32f10x_tim.o(.text)
    TIM_SelectOnePulseMode                   0x08007665   Thumb Code    18  stm32f10x_tim.o(.text)
    TIM_SelectOutputTrigger                  0x08007677   Thumb Code    18  stm32f10x_tim.o(.text)
    TIM_SelectSlaveMode                      0x08007689   Thumb Code    18  stm32f10x_tim.o(.text)
    TIM_SelectMasterSlaveMode                0x0800769b   Thumb Code    18  stm32f10x_tim.o(.text)
    TIM_SetCounter                           0x080076ad   Thumb Code     4  stm32f10x_tim.o(.text)
    TIM_SetAutoreload                        0x080076b1   Thumb Code     4  stm32f10x_tim.o(.text)
    TIM_SetCompare1                          0x080076b5   Thumb Code     4  stm32f10x_tim.o(.text)
    TIM_SetCompare2                          0x080076b9   Thumb Code     4  stm32f10x_tim.o(.text)
    TIM_SetCompare3                          0x080076bd   Thumb Code     4  stm32f10x_tim.o(.text)
    TIM_SetCompare4                          0x080076c1   Thumb Code     6  stm32f10x_tim.o(.text)
    TIM_SetClockDivision                     0x080076c7   Thumb Code    18  stm32f10x_tim.o(.text)
    TIM_GetCapture1                          0x080076d9   Thumb Code     6  stm32f10x_tim.o(.text)
    TIM_GetCapture2                          0x080076df   Thumb Code     6  stm32f10x_tim.o(.text)
    TIM_GetCapture3                          0x080076e5   Thumb Code     6  stm32f10x_tim.o(.text)
    TIM_GetCapture4                          0x080076eb   Thumb Code     8  stm32f10x_tim.o(.text)
    TIM_GetCounter                           0x080076f3   Thumb Code     6  stm32f10x_tim.o(.text)
    TIM_GetPrescaler                         0x080076f9   Thumb Code     6  stm32f10x_tim.o(.text)
    TIM_GetFlagStatus                        0x080076ff   Thumb Code    18  stm32f10x_tim.o(.text)
    TIM_ClearFlag                            0x08007711   Thumb Code     6  stm32f10x_tim.o(.text)
    TIM_GetITStatus                          0x08007717   Thumb Code    34  stm32f10x_tim.o(.text)
    TIM_ClearITPendingBit                    0x08007739   Thumb Code     6  stm32f10x_tim.o(.text)
    gizwitsEventProcess                      0x08007741   Thumb Code   330  gizwits_product.o(.text)
    userInit                                 0x0800788b   Thumb Code    10  gizwits_product.o(.text)
    gizTimerMs                               0x08007895   Thumb Code    12  gizwits_product.o(.text)
    gizGetTimerCount                         0x080078a1   Thumb Code     6  gizwits_product.o(.text)
    mcuRestart                               0x080078a7   Thumb Code    38  gizwits_product.o(.text)
    TIMER_IRQ_FUN                            0x080078cd   Thumb Code     8  gizwits_product.o(.text)
    UART_IRQ_FUN                             0x080078d5   Thumb Code    16  gizwits_product.o(.text)
    uartWrite                                0x080078e5   Thumb Code    82  gizwits_product.o(.text)
    gizPutData                               0x08007a1d   Thumb Code    52  gizwits_protocol.o(.text)
    gizwitsInit                              0x08008bb7   Thumb Code    46  gizwits_protocol.o(.text)
    gizwitsSetMode                           0x08008be5   Thumb Code   604  gizwits_protocol.o(.text)
    gizwitsGetNTP                            0x08008e41   Thumb Code    94  gizwits_protocol.o(.text)
    gizwitsGetModuleInfo                     0x08008e9f   Thumb Code   100  gizwits_protocol.o(.text)
    gizwitsHandle                            0x0800900d   Thumb Code   542  gizwits_protocol.o(.text)
    gizwitsPassthroughData                   0x0800922b   Thumb Code   172  gizwits_protocol.o(.text)
    gizProtocolSum                           0x080093f9   Thumb Code    38  common.o(.text)
    exchangeBytes                            0x0800941f   Thumb Code    26  common.o(.text)
    exchangeWord                             0x08009439   Thumb Code    26  common.o(.text)
    char2hex                                 0x08009453   Thumb Code   106  common.o(.text)
    checkStringIsNotZero                     0x080094bd   Thumb Code    46  common.o(.text)
    returnWeekDay                            0x080094eb   Thumb Code   156  common.o(.text)
    returnNtp2Wt                             0x080095d3   Thumb Code   274  common.o(.text)
    str2Hex                                  0x080096e5   Thumb Code    80  common.o(.text)
    hex2Str                                  0x08009735   Thumb Code    82  common.o(.text)
    gizByteOrderExchange                     0x08009791   Thumb Code    50  datapointtools.o(.text)
    gizY2X                                   0x080097c3   Thumb Code    14  datapointtools.o(.text)
    gizX2Y                                   0x080097d1   Thumb Code    12  datapointtools.o(.text)
    gizY2XFloat                              0x080097dd   Thumb Code    42  datapointtools.o(.text)
    gizX2YFloat                              0x08009807   Thumb Code    42  datapointtools.o(.text)
    gizAcrossByteJudge                       0x08009831   Thumb Code    42  datapointtools.o(.text)
    gizVarlenCompressValue                   0x0800985b   Thumb Code   124  datapointtools.o(.text)
    gizVarlenDecompressionValue              0x080098d7   Thumb Code   196  datapointtools.o(.text)
    gizStandardDecompressionValue            0x0800999b   Thumb Code   194  datapointtools.o(.text)
    gizStandardCompressValue                 0x08009a5d   Thumb Code   128  datapointtools.o(.text)
    rbCreate                                 0x08009add   Thumb Code    22  ringbuffer.o(.text)
    rbDelete                                 0x08009af3   Thumb Code    24  ringbuffer.o(.text)
    rbCapacity                               0x08009b0b   Thumb Code    14  ringbuffer.o(.text)
    rbCanRead                                0x08009b19   Thumb Code    56  ringbuffer.o(.text)
    rbCanWrite                               0x08009b51   Thumb Code    30  ringbuffer.o(.text)
    rbRead                                   0x08009b6f   Thumb Code   162  ringbuffer.o(.text)
    rbWrite                                  0x08009c11   Thumb Code   154  ringbuffer.o(.text)
    __use_no_semihosting                     0x08009cab   Thumb Code     2  use_no_semi_2.o(.text)
    toupper                                  0x08009cad   Thumb Code    30  toupper.o(.text)
    __2printf                                0x08009ccd   Thumb Code    20  noretval__2printf.o(.text)
    _printf_pre_padding                      0x08009ce5   Thumb Code    44  _printf_pad.o(.text)
    _printf_post_padding                     0x08009d11   Thumb Code    34  _printf_pad.o(.text)
    _printf_int_dec                          0x08009d35   Thumb Code   104  _printf_dec.o(.text)
    _printf_int_hex                          0x08009dad   Thumb Code    84  _printf_hex_int.o(.text)
    _printf_longlong_hex                     0x08009dad   Thumb Code     0  _printf_hex_int.o(.text)
    __printf                                 0x08009e05   Thumb Code   308  __printf_flags_wp.o(.text)
    strlen                                   0x08009f3d   Thumb Code    62  strlen.o(.text)
    __aeabi_memcpy                           0x08009f7b   Thumb Code     0  rt_memcpy_v6.o(.text)
    __rt_memcpy                              0x08009f7b   Thumb Code   138  rt_memcpy_v6.o(.text)
    _memcpy_lastbytes                        0x08009fe1   Thumb Code     0  rt_memcpy_v6.o(.text)
    __aeabi_memcpy4                          0x0800a005   Thumb Code     0  rt_memcpy_w.o(.text)
    __aeabi_memcpy8                          0x0800a005   Thumb Code     0  rt_memcpy_w.o(.text)
    __rt_memcpy_w                            0x0800a005   Thumb Code   100  rt_memcpy_w.o(.text)
    _memcpy_lastbytes_aligned                0x0800a04d   Thumb Code     0  rt_memcpy_w.o(.text)
    __aeabi_memclr                           0x0800a069   Thumb Code     0  rt_memclr.o(.text)
    __rt_memclr                              0x0800a069   Thumb Code    68  rt_memclr.o(.text)
    _memset                                  0x0800a06d   Thumb Code     0  rt_memclr.o(.text)
    __use_two_region_memory                  0x0800a0ad   Thumb Code     2  heapauxi.o(.text)
    __rt_heap_escrow$2region                 0x0800a0af   Thumb Code     2  heapauxi.o(.text)
    __rt_heap_expand$2region                 0x0800a0b1   Thumb Code     2  heapauxi.o(.text)
    __I$use$semihosting                      0x0800a0b3   Thumb Code     0  use_no_semi.o(.text)
    __use_no_semihosting_swi                 0x0800a0b3   Thumb Code     2  use_no_semi.o(.text)
    __rt_ctype_table                         0x0800a0b5   Thumb Code    16  rt_ctype_table.o(.text)
    _printf_int_common                       0x0800a0c5   Thumb Code   178  _printf_intcommon.o(.text)
    _printf_char_file                        0x0800a179   Thumb Code    32  _printf_char_file.o(.text)
    __aeabi_memclr4                          0x0800a19d   Thumb Code     0  rt_memclr_w.o(.text)
    __aeabi_memclr8                          0x0800a19d   Thumb Code     0  rt_memclr_w.o(.text)
    __rt_memclr_w                            0x0800a19d   Thumb Code    78  rt_memclr_w.o(.text)
    _memset_w                                0x0800a1a1   Thumb Code     0  rt_memclr_w.o(.text)
    __rt_locale                              0x0800a1ed   Thumb Code     8  rt_locale_intlibspace.o(.text)
    _printf_char_common                      0x0800a1ff   Thumb Code    32  _printf_char_common.o(.text)
    ferror                                   0x0800a225   Thumb Code     8  ferror.o(.text)
    __user_libspace                          0x0800a22d   Thumb Code     8  libspace.o(.text)
    __user_perproc_libspace                  0x0800a22d   Thumb Code     0  libspace.o(.text)
    __user_perthread_libspace                0x0800a22d   Thumb Code     0  libspace.o(.text)
    __user_setup_stackheap                   0x0800a235   Thumb Code    74  sys_stackheap_outer.o(.text)
    exit                                     0x0800a27f   Thumb Code    12  exit.o(.text)
    strcmp                                   0x0800a28d   Thumb Code   128  strcmpv7m.o(.text)
    _is_digit                                0x0800a30d   Thumb Code    14  __printf_wp.o(i._is_digit)
    _get_lc_ctype                            0x0800a31d   Thumb Code    44  lc_ctype_c.o(locale$$code)
    __aeabi_d2uiz                            0x0800a349   Thumb Code     0  dfixu.o(x$fpl$dfixu)
    _dfixu                                   0x0800a349   Thumb Code    90  dfixu.o(x$fpl$dfixu)
    __aeabi_ui2d                             0x0800a3a3   Thumb Code     0  dflt_clz.o(x$fpl$dfltu)
    _dfltu                                   0x0800a3a3   Thumb Code    38  dflt_clz.o(x$fpl$dfltu)
    __aeabi_dmul                             0x0800a3c9   Thumb Code     0  dmul.o(x$fpl$dmul)
    _dmul                                    0x0800a3c9   Thumb Code   332  dmul.o(x$fpl$dmul)
    __fpl_dnaninf                            0x0800a51d   Thumb Code   156  dnaninf.o(x$fpl$dnaninf)
    __fpl_dretinf                            0x0800a5b9   Thumb Code    12  dretinf.o(x$fpl$dretinf)
    __aeabi_fadd                             0x0800a5c5   Thumb Code     0  faddsub_clz.o(x$fpl$fadd)
    _fadd                                    0x0800a5c5   Thumb Code   196  faddsub_clz.o(x$fpl$fadd)
    __aeabi_fdiv                             0x0800a689   Thumb Code     0  fdiv.o(x$fpl$fdiv)
    _fdiv                                    0x0800a689   Thumb Code   384  fdiv.o(x$fpl$fdiv)
    __aeabi_f2uiz                            0x0800a80d   Thumb Code     0  ffixu.o(x$fpl$ffixu)
    _ffixu                                   0x0800a80d   Thumb Code    62  ffixu.o(x$fpl$ffixu)
    __aeabi_ui2f                             0x0800a84d   Thumb Code     0  fflt_clz.o(x$fpl$ffltu)
    _ffltu                                   0x0800a84d   Thumb Code    38  fflt_clz.o(x$fpl$ffltu)
    __aeabi_fmul                             0x0800a875   Thumb Code     0  fmul.o(x$fpl$fmul)
    _fmul                                    0x0800a875   Thumb Code   258  fmul.o(x$fpl$fmul)
    __fpl_fnaninf                            0x0800a977   Thumb Code   140  fnaninf.o(x$fpl$fnaninf)
    __fpl_fretinf                            0x0800aa03   Thumb Code    10  fretinf.o(x$fpl$fretinf)
    __aeabi_fsub                             0x0800aa0d   Thumb Code     0  faddsub_clz.o(x$fpl$fsub)
    _fsub                                    0x0800aa0d   Thumb Code   234  faddsub_clz.o(x$fpl$fsub)
    __I$use$fp                               0x0800aaf6   Number         0  usenofp.o(x$fpl$usenofp)
    asc2_1206                                0x0800aaf6   Data        1140  lcd.o(.constdata)
    asc2_1608                                0x0800af6a   Data        1520  lcd.o(.constdata)
    asc2_2412                                0x0800b55a   Data        3420  lcd.o(.constdata)
    Region$$Table$$Base                      0x0800c324   Number         0  anon$$obj.o(Region$$Table)
    Region$$Table$$Limit                     0x0800c344   Number         0  anon$$obj.o(Region$$Table)
    __ctype                                  0x0800c351   Data           0  lc_ctype_c.o(locale$$data)
    currentDataPoint                         0x20000000   Data           5  main.o(.data)
    SystemCoreClock                          0x20000008   Data           4  system_stm32f10x.o(.data)
    AHBPrescTable                            0x2000000c   Data          16  system_stm32f10x.o(.data)
    POINT_COLOR                              0x2000001e   Data           2  lcd.o(.data)
    BACK_COLOR                               0x20000020   Data           2  lcd.o(.data)
    __stdout                                 0x20000028   Data           4  usart.o(.data)
    USART_RX_STA                             0x2000002c   Data           2  usart.o(.data)
    year                                     0x20000048   Data           4  gizwits_product.o(.data)
    month                                    0x2000004c   Data           4  gizwits_product.o(.data)
    day                                      0x20000050   Data           4  gizwits_product.o(.data)
    hour                                     0x20000054   Data           4  gizwits_product.o(.data)
    min                                      0x20000058   Data           4  gizwits_product.o(.data)
    sec                                      0x2000005c   Data           4  gizwits_product.o(.data)
    wifi_flag                                0x20000060   Data           1  gizwits_product.o(.data)
    lcddev                                   0x20000074   Data          14  lcd.o(.bss)
    USART_RX_BUF                             0x20000082   Data         200  usart.o(.bss)
    gizwitsProtocol                          0x2000014a   Data         260  gizwits_protocol.o(.bss)
    pRb                                      0x2000024e   Data          16  gizwits_protocol.o(.bss)
    __libspace_start                         0x2000028c   Data          96  libspace.o(.bss)
    __temporary_stack_top$libspace           0x200002ec   Data           0  libspace.o(.bss)



==============================================================================

Memory Map of the image

  Image Entry point : 0x08000131

  Load Region LR_IROM1 (Base: 0x08000000, Size: 0x0000c4c8, Max: 0x00080000, ABSOLUTE)

    Execution Region ER_IROM1 (Base: 0x08000000, Size: 0x0000c454, Max: 0x00080000, ABSOLUTE)

    Base Addr    Size         Type   Attr      Idx    E Section Name        Object

    0x08000000   0x00000130   Data   RO          369    RESET               startup_stm32f10x_hd.o
    0x08000130   0x00000008   Code   RO          596  * !!!main             c_w.l(__main.o)
    0x08000138   0x00000034   Code   RO          820    !!!scatter          c_w.l(__scatter.o)
    0x0800016c   0x0000001a   Code   RO          822    !!handler_copy      c_w.l(__scatter_copy.o)
    0x08000186   0x00000002   PAD
    0x08000188   0x0000001c   Code   RO          824    !!handler_zi        c_w.l(__scatter_zi.o)
    0x080001a4   0x00000000   Code   RO          585    .ARM.Collect$$_printf_percent$$00000000  c_w.l(_printf_percent.o)
    0x080001a4   0x00000006   Code   RO          584    .ARM.Collect$$_printf_percent$$00000009  c_w.l(_printf_d.o)
    0x080001aa   0x00000006   Code   RO          583    .ARM.Collect$$_printf_percent$$0000000C  c_w.l(_printf_x.o)
    0x080001b0   0x00000004   Code   RO          641    .ARM.Collect$$_printf_percent$$00000017  c_w.l(_printf_percent_end.o)
    0x080001b4   0x00000002   Code   RO          698    .ARM.Collect$$libinit$$00000000  c_w.l(libinit.o)
    0x080001b6   0x00000000   Code   RO          700    .ARM.Collect$$libinit$$00000002  c_w.l(libinit2.o)
    0x080001b6   0x00000000   Code   RO          702    .ARM.Collect$$libinit$$00000004  c_w.l(libinit2.o)
    0x080001b6   0x00000000   Code   RO          705    .ARM.Collect$$libinit$$0000000A  c_w.l(libinit2.o)
    0x080001b6   0x00000000   Code   RO          707    .ARM.Collect$$libinit$$0000000C  c_w.l(libinit2.o)
    0x080001b6   0x00000000   Code   RO          709    .ARM.Collect$$libinit$$0000000E  c_w.l(libinit2.o)
    0x080001b6   0x00000006   Code   RO          710    .ARM.Collect$$libinit$$0000000F  c_w.l(libinit2.o)
    0x080001bc   0x00000000   Code   RO          712    .ARM.Collect$$libinit$$00000011  c_w.l(libinit2.o)
    0x080001bc   0x0000000c   Code   RO          713    .ARM.Collect$$libinit$$00000012  c_w.l(libinit2.o)
    0x080001c8   0x00000000   Code   RO          714    .ARM.Collect$$libinit$$00000013  c_w.l(libinit2.o)
    0x080001c8   0x00000000   Code   RO          716    .ARM.Collect$$libinit$$00000015  c_w.l(libinit2.o)
    0x080001c8   0x00000000   Code   RO          718    .ARM.Collect$$libinit$$00000017  c_w.l(libinit2.o)
    0x080001c8   0x00000000   Code   RO          720    .ARM.Collect$$libinit$$00000019  c_w.l(libinit2.o)
    0x080001c8   0x00000000   Code   RO          722    .ARM.Collect$$libinit$$0000001B  c_w.l(libinit2.o)
    0x080001c8   0x00000000   Code   RO          724    .ARM.Collect$$libinit$$0000001D  c_w.l(libinit2.o)
    0x080001c8   0x00000000   Code   RO          726    .ARM.Collect$$libinit$$0000001F  c_w.l(libinit2.o)
    0x080001c8   0x00000000   Code   RO          728    .ARM.Collect$$libinit$$00000021  c_w.l(libinit2.o)
    0x080001c8   0x00000000   Code   RO          730    .ARM.Collect$$libinit$$00000023  c_w.l(libinit2.o)
    0x080001c8   0x00000000   Code   RO          732    .ARM.Collect$$libinit$$00000025  c_w.l(libinit2.o)
    0x080001c8   0x00000000   Code   RO          736    .ARM.Collect$$libinit$$0000002C  c_w.l(libinit2.o)
    0x080001c8   0x00000000   Code   RO          738    .ARM.Collect$$libinit$$0000002E  c_w.l(libinit2.o)
    0x080001c8   0x00000000   Code   RO          740    .ARM.Collect$$libinit$$00000030  c_w.l(libinit2.o)
    0x080001c8   0x00000000   Code   RO          742    .ARM.Collect$$libinit$$00000032  c_w.l(libinit2.o)
    0x080001c8   0x00000002   Code   RO          743    .ARM.Collect$$libinit$$00000033  c_w.l(libinit2.o)
    0x080001ca   0x00000002   Code   RO          771    .ARM.Collect$$libshutdown$$00000000  c_w.l(libshutdown.o)
    0x080001cc   0x00000000   Code   RO          781    .ARM.Collect$$libshutdown$$00000003  c_w.l(libshutdown2.o)
    0x080001cc   0x00000000   Code   RO          784    .ARM.Collect$$libshutdown$$00000006  c_w.l(libshutdown2.o)
    0x080001cc   0x00000000   Code   RO          787    .ARM.Collect$$libshutdown$$00000009  c_w.l(libshutdown2.o)
    0x080001cc   0x00000000   Code   RO          789    .ARM.Collect$$libshutdown$$0000000B  c_w.l(libshutdown2.o)
    0x080001cc   0x00000000   Code   RO          792    .ARM.Collect$$libshutdown$$0000000E  c_w.l(libshutdown2.o)
    0x080001cc   0x00000002   Code   RO          793    .ARM.Collect$$libshutdown$$0000000F  c_w.l(libshutdown2.o)
    0x080001ce   0x00000000   Code   RO          634    .ARM.Collect$$rtentry$$00000000  c_w.l(__rtentry.o)
    0x080001ce   0x00000000   Code   RO          654    .ARM.Collect$$rtentry$$00000002  c_w.l(__rtentry2.o)
    0x080001ce   0x00000006   Code   RO          666    .ARM.Collect$$rtentry$$00000004  c_w.l(__rtentry4.o)
    0x080001d4   0x00000000   Code   RO          656    .ARM.Collect$$rtentry$$00000009  c_w.l(__rtentry2.o)
    0x080001d4   0x00000004   Code   RO          657    .ARM.Collect$$rtentry$$0000000A  c_w.l(__rtentry2.o)
    0x080001d8   0x00000000   Code   RO          659    .ARM.Collect$$rtentry$$0000000C  c_w.l(__rtentry2.o)
    0x080001d8   0x00000008   Code   RO          660    .ARM.Collect$$rtentry$$0000000D  c_w.l(__rtentry2.o)
    0x080001e0   0x00000002   Code   RO          744    .ARM.Collect$$rtexit$$00000000  c_w.l(rtexit.o)
    0x080001e2   0x00000000   Code   RO          751    .ARM.Collect$$rtexit$$00000002  c_w.l(rtexit2.o)
    0x080001e2   0x00000004   Code   RO          752    .ARM.Collect$$rtexit$$00000003  c_w.l(rtexit2.o)
    0x080001e6   0x00000006   Code   RO          753    .ARM.Collect$$rtexit$$00000004  c_w.l(rtexit2.o)
    0x080001ec   0x000002a8   Code   RO            1    .text               main.o
    0x08000494   0x0000001a   Code   RO          157    .text               stm32f10x_it.o
    0x080004ae   0x00000002   PAD
    0x080004b0   0x000001e0   Code   RO          198    .text               system_stm32f10x.o
    0x08000690   0x00000054   Code   RO          216    .text               led.o
    0x080006e4   0x000000d8   Code   RO          228    .text               key.o
    0x080007bc   0x00004a56   Code   RO          241    .text               lcd.o
    0x08005212   0x00000002   PAD
    0x08005214   0x00000204   Code   RO          264    .text               timer.o
    0x08005418   0x000000c8   Code   RO          291    .text               usart3.o
    0x080054e0   0x000000d4   Code   RO          303    .text               delay.o
    0x080055b4   0x00000140   Code   RO          334    .text               usart.o
    0x080056f4   0x00000040   Code   RO          370    .text               startup_stm32f10x_hd.o
    0x08005734   0x000000dc   Code   RO          374    .text               misc.o
    0x08005810   0x0000060c   Code   RO          386    .text               stm32f10x_fsmc.o
    0x08005e1c   0x0000035c   Code   RO          398    .text               stm32f10x_gpio.o
    0x08006178   0x000003a4   Code   RO          410    .text               stm32f10x_rcc.o
    0x0800651c   0x00000408   Code   RO          424    .text               stm32f10x_usart.o
    0x08006924   0x00000e1a   Code   RO          436    .text               stm32f10x_tim.o
    0x0800773e   0x00000002   PAD
    0x08007740   0x000002dc   Code   RO          448    .text               gizwits_product.o
    0x08007a1c   0x000019dc   Code   RO          467    .text               gizwits_protocol.o
    0x080093f8   0x00000398   Code   RO          489    .text               common.o
    0x08009790   0x0000034c   Code   RO          502    .text               datapointtools.o
    0x08009adc   0x000001ce   Code   RO          514    .text               ringbuffer.o
    0x08009caa   0x00000002   Code   RO          528    .text               c_w.l(use_no_semi_2.o)
    0x08009cac   0x0000001e   Code   RO          530    .text               c_w.l(toupper.o)
    0x08009cca   0x00000002   PAD
    0x08009ccc   0x00000018   Code   RO          534    .text               c_w.l(noretval__2printf.o)
    0x08009ce4   0x0000004e   Code   RO          538    .text               c_w.l(_printf_pad.o)
    0x08009d32   0x00000002   PAD
    0x08009d34   0x00000078   Code   RO          540    .text               c_w.l(_printf_dec.o)
    0x08009dac   0x00000058   Code   RO          545    .text               c_w.l(_printf_hex_int.o)
    0x08009e04   0x00000138   Code   RO          575    .text               c_w.l(__printf_flags_wp.o)
    0x08009f3c   0x0000003e   Code   RO          586    .text               c_w.l(strlen.o)
    0x08009f7a   0x0000008a   Code   RO          588    .text               c_w.l(rt_memcpy_v6.o)
    0x0800a004   0x00000064   Code   RO          590    .text               c_w.l(rt_memcpy_w.o)
    0x0800a068   0x00000044   Code   RO          592    .text               c_w.l(rt_memclr.o)
    0x0800a0ac   0x00000006   Code   RO          594    .text               c_w.l(heapauxi.o)
    0x0800a0b2   0x00000002   Code   RO          632    .text               c_w.l(use_no_semi.o)
    0x0800a0b4   0x00000010   Code   RO          635    .text               c_w.l(rt_ctype_table.o)
    0x0800a0c4   0x000000b2   Code   RO          637    .text               c_w.l(_printf_intcommon.o)
    0x0800a176   0x00000002   PAD
    0x0800a178   0x00000024   Code   RO          639    .text               c_w.l(_printf_char_file.o)
    0x0800a19c   0x0000004e   Code   RO          642    .text               c_w.l(rt_memclr_w.o)
    0x0800a1ea   0x00000002   PAD
    0x0800a1ec   0x00000008   Code   RO          671    .text               c_w.l(rt_locale_intlibspace.o)
    0x0800a1f4   0x00000030   Code   RO          673    .text               c_w.l(_printf_char_common.o)
    0x0800a224   0x00000008   Code   RO          675    .text               c_w.l(ferror.o)
    0x0800a22c   0x00000008   Code   RO          682    .text               c_w.l(libspace.o)
    0x0800a234   0x0000004a   Code   RO          685    .text               c_w.l(sys_stackheap_outer.o)
    0x0800a27e   0x0000000c   Code   RO          689    .text               c_w.l(exit.o)
    0x0800a28a   0x00000002   PAD
    0x0800a28c   0x00000080   Code   RO          691    .text               c_w.l(strcmpv7m.o)
    0x0800a30c   0x0000000e   Code   RO          573    i._is_digit         c_w.l(__printf_wp.o)
    0x0800a31a   0x00000002   PAD
    0x0800a31c   0x0000002c   Code   RO          680    locale$$code        c_w.l(lc_ctype_c.o)
    0x0800a348   0x0000005a   Code   RO          598    x$fpl$dfixu         fz_ws.l(dfixu.o)
    0x0800a3a2   0x00000026   Code   RO          602    x$fpl$dfltu         fz_ws.l(dflt_clz.o)
    0x0800a3c8   0x00000154   Code   RO          608    x$fpl$dmul          fz_ws.l(dmul.o)
    0x0800a51c   0x0000009c   Code   RO          644    x$fpl$dnaninf       fz_ws.l(dnaninf.o)
    0x0800a5b8   0x0000000c   Code   RO          646    x$fpl$dretinf       fz_ws.l(dretinf.o)
    0x0800a5c4   0x000000c4   Code   RO          610    x$fpl$fadd          fz_ws.l(faddsub_clz.o)
    0x0800a688   0x00000184   Code   RO          617    x$fpl$fdiv          fz_ws.l(fdiv.o)
    0x0800a80c   0x0000003e   Code   RO          620    x$fpl$ffixu         fz_ws.l(ffixu.o)
    0x0800a84a   0x00000002   PAD
    0x0800a84c   0x00000026   Code   RO          624    x$fpl$ffltu         fz_ws.l(fflt_clz.o)
    0x0800a872   0x00000002   PAD
    0x0800a874   0x00000102   Code   RO          630    x$fpl$fmul          fz_ws.l(fmul.o)
    0x0800a976   0x0000008c   Code   RO          648    x$fpl$fnaninf       fz_ws.l(fnaninf.o)
    0x0800aa02   0x0000000a   Code   RO          650    x$fpl$fretinf       fz_ws.l(fretinf.o)
    0x0800aa0c   0x000000ea   Code   RO          612    x$fpl$fsub          fz_ws.l(faddsub_clz.o)
    0x0800aaf6   0x00000000   Code   RO          652    x$fpl$usenofp       fz_ws.l(usenofp.o)
    0x0800aaf6   0x000017c0   Data   RO          243    .constdata          lcd.o
    0x0800c2b6   0x00000002   PAD
    0x0800c2b8   0x00000030   Data   RO          490    .constdata          common.o
    0x0800c2e8   0x00000028   Data   RO          546    .constdata          c_w.l(_printf_hex_int.o)
    0x0800c310   0x00000011   Data   RO          576    .constdata          c_w.l(__printf_flags_wp.o)
    0x0800c321   0x00000003   PAD
    0x0800c324   0x00000020   Data   RO          818    Region$$Table       anon$$obj.o
    0x0800c344   0x00000110   Data   RO          679    locale$$data        c_w.l(lc_ctype_c.o)


    Execution Region RW_IRAM1 (Base: 0x20000000, Size: 0x000008f0, Max: 0x00010000, ABSOLUTE)

    Base Addr    Size         Type   Attr      Idx    E Section Name        Object

    0x20000000   0x00000005   Data   RW            2    .data               main.o
    0x20000005   0x00000003   PAD
    0x20000008   0x00000014   Data   RW          199    .data               system_stm32f10x.o
    0x2000001c   0x00000001   Data   RW          229    .data               key.o
    0x2000001d   0x00000001   PAD
    0x2000001e   0x00000004   Data   RW          244    .data               lcd.o
    0x20000022   0x00000004   Data   RW          304    .data               delay.o
    0x20000026   0x00000002   PAD
    0x20000028   0x00000006   Data   RW          336    .data               usart.o
    0x2000002e   0x00000014   Data   RW          411    .data               stm32f10x_rcc.o
    0x20000042   0x00000002   PAD
    0x20000044   0x0000001d   Data   RW          449    .data               gizwits_product.o
    0x20000061   0x00000003   PAD
    0x20000064   0x00000010   Data   RW          469    .data               gizwits_protocol.o
    0x20000074   0x0000000e   Zero   RW          242    .bss                lcd.o
    0x20000082   0x000000c8   Zero   RW          335    .bss                usart.o
    0x2000014a   0x00000142   Zero   RW          468    .bss                gizwits_protocol.o
    0x2000028c   0x00000060   Zero   RW          683    .bss                c_w.l(libspace.o)
    0x200002ec   0x00000004   PAD
    0x200002f0   0x00000200   Zero   RW          368    HEAP                startup_stm32f10x_hd.o
    0x200004f0   0x00000400   Zero   RW          367    STACK               startup_stm32f10x_hd.o


==============================================================================

Image component sizes


      Code (inc. data)   RO Data    RW Data    ZI Data      Debug   Object Name

       920         10         48          0          0       4057   common.o
       844          0          0          0          0       5054   datapointtools.o
       212         18          0          4          0       1011   delay.o
       732        250          0         29          0      18258   gizwits_product.o
      6620       1920          0         16        322      11538   gizwits_protocol.o
       216         14          0          1          0        800   key.o
     19030        162       6080          4         14      21690   lcd.o
        84         10          0          0          0        495   led.o
       680        164          0          5          0     269594   main.o
       220         22          0          0          0       1785   misc.o
       462          0          0          0          0       2479   ringbuffer.o
        64         26        304          0       1536        796   startup_stm32f10x_hd.o
      1548         18          0          0          0       5335   stm32f10x_fsmc.o
       860         38          0          0          0       5633   stm32f10x_gpio.o
        26          0          0          0          0       1174   stm32f10x_it.o
       932         36          0         20          0       8800   stm32f10x_rcc.o
      3610         88          0          0          0      22116   stm32f10x_tim.o
      1032         22          0          0          0       8356   stm32f10x_usart.o
         0          0          0          0          0         32   sys.o
       480         38          0         20          0       1719   system_stm32f10x.o
       516         38          0          0          0       2720   timer.o
       320         16          0          6        200       3130   usart.o
       200          8          0          0          0        844   usart3.o

    ----------------------------------------------------------------------
     39614       2898       6466        116       2072     397416   Object Totals
         0          0         32          0          0          0   (incl. Generated)
         6          0          2         11          0          0   (incl. Padding)

    ----------------------------------------------------------------------

      Code (inc. data)   RO Data    RW Data    ZI Data      Debug   Library Member Name

         8          0          0          0          0         68   __main.o
       312          4         17          0          0         92   __printf_flags_wp.o
        14          0          0          0          0         68   __printf_wp.o
         0          0          0          0          0          0   __rtentry.o
        12          0          0          0          0          0   __rtentry2.o
         6          0          0          0          0          0   __rtentry4.o
        52          8          0          0          0          0   __scatter.o
        26          0          0          0          0          0   __scatter_copy.o
        28          0          0          0          0          0   __scatter_zi.o
        48          6          0          0          0         96   _printf_char_common.o
        36          4          0          0          0         80   _printf_char_file.o
         6          0          0          0          0          0   _printf_d.o
       120         16          0          0          0         92   _printf_dec.o
        88          4         40          0          0         88   _printf_hex_int.o
       178          0          0          0          0         88   _printf_intcommon.o
        78          0          0          0          0        108   _printf_pad.o
         0          0          0          0          0          0   _printf_percent.o
         4          0          0          0          0          0   _printf_percent_end.o
         6          0          0          0          0          0   _printf_x.o
        12          0          0          0          0         72   exit.o
         8          0          0          0          0         68   ferror.o
         6          0          0          0          0        152   heapauxi.o
        44         10        272          0          0         76   lc_ctype_c.o
         2          0          0          0          0          0   libinit.o
        20          0          0          0          0          0   libinit2.o
         2          0          0          0          0          0   libshutdown.o
         2          0          0          0          0          0   libshutdown2.o
         8          4          0          0         96         68   libspace.o
        24          4          0          0          0         84   noretval__2printf.o
        16          4          0          0          0         76   rt_ctype_table.o
         8          4          0          0          0         68   rt_locale_intlibspace.o
        68          0          0          0          0         68   rt_memclr.o
        78          0          0          0          0         80   rt_memclr_w.o
       138          0          0          0          0         68   rt_memcpy_v6.o
       100          0          0          0          0         80   rt_memcpy_w.o
         2          0          0          0          0          0   rtexit.o
        10          0          0          0          0          0   rtexit2.o
       128          0          0          0          0         68   strcmpv7m.o
        62          0          0          0          0         76   strlen.o
        74          0          0          0          0         80   sys_stackheap_outer.o
        30          0          0          0          0         76   toupper.o
         2          0          0          0          0         68   use_no_semi.o
         2          0          0          0          0         68   use_no_semi_2.o
        90          4          0          0          0         92   dfixu.o
        38          0          0          0          0         68   dflt_clz.o
       340         12          0          0          0        104   dmul.o
       156          4          0          0          0         92   dnaninf.o
        12          0          0          0          0         68   dretinf.o
       430          8          0          0          0        168   faddsub_clz.o
       388         76          0          0          0         96   fdiv.o
        62          4          0          0          0         84   ffixu.o
        38          0          0          0          0         68   fflt_clz.o
       258          4          0          0          0         84   fmul.o
       140          4          0          0          0         84   fnaninf.o
        10          0          0          0          0         68   fretinf.o
         0          0          0          0          0          0   usenofp.o

    ----------------------------------------------------------------------
      3848        184        332          0        100       3252   Library Totals
        18          0          3          0          4          0   (incl. Padding)

    ----------------------------------------------------------------------

      Code (inc. data)   RO Data    RW Data    ZI Data      Debug   Library Name

      1868         68        329          0         96       2176   c_w.l
      1962        116          0          0          0       1076   fz_ws.l

    ----------------------------------------------------------------------
      3848        184        332          0        100       3252   Library Totals

    ----------------------------------------------------------------------

==============================================================================


      Code (inc. data)   RO Data    RW Data    ZI Data      Debug   

     43462       3082       6798        116       2172     396920   Grand Totals
     43462       3082       6798        116       2172     396920   ELF Image Totals
     43462       3082       6798        116          0          0   ROM Totals

==============================================================================

    Total RO  Size (Code + RO Data)                50260 (  49.08kB)
    Total RW  Size (RW Data + ZI Data)              2288 (   2.23kB)
    Total ROM Size (Code + RO Data + RW Data)      50376 (  49.20kB)

==============================================================================

